[pid  5112] <... write resumed> )       = 757
[pid  5110] <... write resumed> )       = 14
[pid  5114] recvfrom(6,  <unfinished ...>
[pid  5110] sendmsg(4, {msg_name(0)=NULL, msg_iov(1)=[{"1", 1}], msg_controllen=24, {cmsg_len=20, cmsg_level=SOL_SOCKET, cmsg_type=SCM_RIGHTS, {27}}, msg_flags=MSG_OOB}, 0 <unfinished ...>
[pid  5114] <... recvfrom resumed> "GET / HTTP/1.0\r\nHost: 127.0.0.1:"..., 99999, MSG_NOSIGNAL, NULL, NULL) = 83
[pid  5110] <... sendmsg resumed> )     = 1
[pid  5114] write(1, "GET / HTTP/1.0\r\nHost: 127.0.0.1:"..., 83 <unfinished ...>
[pid  5110] epoll_wait(8,  <unfinished ...>
[pid  5113] <... shutdown resumed> )    = -1 EBADF (Bad file descriptor)
[pid  5110] <... epoll_wait resumed> {{EPOLLIN, {u32=7, u64=18078019860037639}}, {EPOLLIN, {u32=13, u64=8435842194895536141}}, {EPOLLIN|EPOLLHUP|EPOLLRDHUP, {u32=15, u64=8435842194895536143}}, {EPOLLIN, {u32=17, u64=8435842194895536145}}, {EPOLLIN, {u32=18, u64=8435842194895536146}}, {EPOLLIN, {u32=19, u64=8435842194895536147}}, {EPOLLIN, {u32=21, u64=8435842194895536149}}, {EPOLLIN, {u32=22, u64=8435842194895536150}}, {EPOLLIN, {u32=23, u64=8435842194895536151}}, {EPOLLIN, {u32=25, u64=8435842194895536153}}, {EPOLLIN, {u32=26, u64=8435842194895536154}}, {EPOLLIN, {u32=27, u64=27130793012756507}}, {EPOLLIN, {u32=12, u64=27130793012756492}}, {EPOLLIN|EPOLLHUP|EPOLLRDHUP, {u32=11, u64=8435842194895536139}}, {EPOLLIN|EPOLLHUP|EPOLLRDHUP, {u32=9, u64=8435842194895536137}}}, 32, -1) = 15
[pid  5114] <... write resumed> )       = 83
[pid  5110] accept(7,  <unfinished ...>
[pid  5114] write(1, "reqline 1 /\n", 12 <unfinished ...>
[pid  5110] <... accept resumed> 0, NULL) = 16
[pid  5114] <... write resumed> )       = 12
[pid  5110] fcntl(16, F_GETFL <unfinished ...>
[pid  5114] write(1, "reqline 2 HTTP/1.0\r\n", 20 <unfinished ...>
[pid  5110] <... fcntl resumed> )       = 0x2 (flags O_RDWR)
[pid  5114] <... write resumed> )       = 20
[pid  5110] fcntl(16, F_SETFL, O_RDWR|O_NONBLOCK <unfinished ...>
[pid  5114] write(1, "file: /home/misha/web_server//in"..., 41 <unfinished ...>
[pid  5110] <... fcntl resumed> )       = 0
[pid  5114] <... write resumed> )       = 41
[pid  5110] epoll_ctl(8, EPOLL_CTL_ADD, 16, {EPOLLIN|EPOLLRDHUP, {u32=16, u64=27130793012756496}} <unfinished ...>
[pid  5114] open("/home/misha/web_server//index.html", O_RDONLY <unfinished ...>
[pid  5110] <... epoll_ctl resumed> )   = 0
[pid  5114] <... open resumed> )        = 13
[pid  5110] write(1, "passing fd 13\n", 14 <unfinished ...>
[pid  5114] sendto(6, "HTTP/1.0 200 OK\n\n", 17, 0, NULL, 0 <unfinished ...>
[pid  5110] <... write resumed> )       = 14
[pid  5113] close(5 <unfinished ...>
[pid  5112] read(6,  <unfinished ...>
[pid  5110] sendmsg(5, {msg_name(0)=NULL, msg_iov(1)=[{"1", 1}], msg_controllen=24, {cmsg_len=20, cmsg_level=SOL_SOCKET, cmsg_type=SCM_RIGHTS, {13}}, msg_flags=MSG_OOB}, 0 <unfinished ...>
[pid  5114] <... sendto resumed> )      = 17
[pid  5110] <... sendmsg resumed> )     = 1
[pid  5114] read(13,  <unfinished ...>
[pid  5110] epoll_ctl(8, EPOLL_CTL_DEL, 15, {EPOLLIN|EPOLLHUP|EPOLLRDHUP, {u32=15, u64=8435842194895536143}} <unfinished ...>
[pid  5114] <... read resumed> "<html> \n     <head> \n          <"..., 1024) = 757
[pid  5110] <... epoll_ctl resumed> )   = 0
[pid  5114] write(6, "<html> \n     <head> \n          <"..., 757 <unfinished ...>
[pid  5110] shutdown(15, SHUT_RDWR <unfinished ...>
[pid  5113] <... close resumed> )       = -1 EBADF (Bad file descriptor)
[pid  5110] <... shutdown resumed> )    = -1 ENOTCONN (Transport endpoint is not connected)
[pid  5114] <... write resumed> )       = 757
[pid  5110] close(15 <unfinished ...>
[pid  5114] read(13,  <unfinished ...>
[pid  5110] <... close resumed> )       = 0
[pid  5114] <... read resumed> "", 1024) = 0
[pid  5110] write(1, "passing fd 17\n", 14 <unfinished ...>
[pid  5114] shutdown(6, SHUT_RDWR <unfinished ...>
[pid  5113] recvmsg(6,  <unfinished ...>
[pid  5110] <... write resumed> )       = 14
[pid  5112] <... read resumed> "", 1024) = 0
[pid  5110] sendmsg(6, {msg_name(0)=NULL, msg_iov(1)=[{"1", 1}], msg_controllen=24, {cmsg_len=20, cmsg_level=SOL_SOCKET, cmsg_type=SCM_RIGHTS, {17}}, msg_flags=MSG_OOB}, 0 <unfinished ...>
[pid  5114] <... shutdown resumed> )    = 0
[pid  5110] <... sendmsg resumed> )     = 1
[pid  5114] close(6 <unfinished ...>
[pid  5110] write(1, "passing fd 18\n", 14 <unfinished ...>
[pid  5114] <... close resumed> )       = 0
[pid  5110] <... write resumed> )       = 14
[pid  5114] recvmsg(7,  <unfinished ...>
[pid  5110] sendmsg(3, {msg_name(0)=NULL, msg_iov(1)=[{"1", 1}], msg_controllen=24, {cmsg_len=20, cmsg_level=SOL_SOCKET, cmsg_type=SCM_RIGHTS, {18}}, msg_flags=MSG_OOB}, 0 <unfinished ...>
[pid  5114] <... recvmsg resumed> {msg_name(0)=NULL, msg_iov(1)=[{"1", 16}], msg_controllen=24, {cmsg_len=20, cmsg_level=SOL_SOCKET, cmsg_type=SCM_RIGHTS, {6}}, msg_flags=0}, 0) = 1
[pid  5110] <... sendmsg resumed> )     = 1
[pid  5114] write(1, "received fd 6\n", 14 <unfinished ...>
[pid  5110] write(1, "passing fd 19\n", 14 <unfinished ...>
[pid  5114] <... write resumed> )       = 14
[pid  5110] <... write resumed> )       = 14
[pid  5114] recvfrom(6,  <unfinished ...>
[pid  5110] sendmsg(4, {msg_name(0)=NULL, msg_iov(1)=[{"1", 1}], msg_controllen=24, {cmsg_len=20, cmsg_level=SOL_SOCKET, cmsg_type=SCM_RIGHTS, {19}}, msg_flags=MSG_OOB}, 0 <unfinished ...>
[pid  5114] <... recvfrom resumed> "GET / HTTP/1.0\r\nHost: 127.0.0.1:"..., 99999, MSG_NOSIGNAL, NULL, NULL) = 83
[pid  5110] <... sendmsg resumed> )     = 1
[pid  5114] write(1, "GET / HTTP/1.0\r\nHost: 127.0.0.1:"..., 83 <unfinished ...>
[pid  5110] write(1, "passing fd 21\n", 14 <unfinished ...>
[pid  5113] <... recvmsg resumed> {msg_name(0)=NULL, msg_iov(1)=[{"1", 16}], msg_controllen=24, {cmsg_len=20, cmsg_level=SOL_SOCKET, cmsg_type=SCM_RIGHTS, {5}}, msg_flags=0}, 0) = 1
[pid  5112] shutdown(4, SHUT_RDWR <unfinished ...>
[pid  5113] write(1, "received fd 5\n", 14 <unfinished ...>
[pid  5111] <... shutdown resumed> )    = 0
[pid  5110] <... write resumed> )       = 14
[pid  5114] <... write resumed> )       = 83
[pid  5110] sendmsg(5, {msg_name(0)=NULL, msg_iov(1)=[{"1", 1}], msg_controllen=24, {cmsg_len=20, cmsg_level=SOL_SOCKET, cmsg_type=SCM_RIGHTS, {21}}, msg_flags=MSG_OOB}, 0 <unfinished ...>
[pid  5114] write(1, "reqline 1 /\n", 12 <unfinished ...>
[pid  5110] <... sendmsg resumed> )     = 1
[pid  5114] <... write resumed> )       = 12
[pid  5110] write(1, "passing fd 22\n", 14 <unfinished ...>
[pid  5114] write(1, "reqline 2 HTTP/1.0\r\n", 20 <unfinished ...>
[pid  5110] <... write resumed> )       = 14
[pid  5114] <... write resumed> )       = 20
[pid  5110] sendmsg(6, {msg_name(0)=NULL, msg_iov(1)=[{"1", 1}], msg_controllen=24, {cmsg_len=20, cmsg_level=SOL_SOCKET, cmsg_type=SCM_RIGHTS, {22}}, msg_flags=MSG_OOB}, 0 <unfinished ...>
[pid  5114] write(1, "file: /home/misha/web_server//in"..., 41 <unfinished ...>
[pid  5110] <... sendmsg resumed> )     = 1
[pid  5113] <... write resumed> )       = 14
[pid  5112] <... shutdown resumed> )    = 0
[pid  5111] close(3 <unfinished ...>
[pid  5110] write(1, "passing fd 23\n", 14 <unfinished ...>
[pid  5113] recvfrom(5,  <unfinished ...>
[pid  5112] close(4 <unfinished ...>
[pid  5111] <... close resumed> )       = 0
[pid  5110] <... write resumed> )       = 14
[pid  5114] <... write resumed> )       = 41
[pid  5110] sendmsg(3, {msg_name(0)=NULL, msg_iov(1)=[{"1", 1}], msg_controllen=24, {cmsg_len=20, cmsg_level=SOL_SOCKET, cmsg_type=SCM_RIGHTS, {23}}, msg_flags=MSG_OOB}, 0 <unfinished ...>
[pid  5114] open("/home/misha/web_server//index.html", O_RDONLY <unfinished ...>
[pid  5110] <... sendmsg resumed> )     = 1
[pid  5114] <... open resumed> )        = 14
[pid  5110] write(1, "passing fd 25\n", 14 <unfinished ...>
[pid  5114] sendto(6, "HTTP/1.0 200 OK\n\n", 17, 0, NULL, 0 <unfinished ...>
[pid  5110] <... write resumed> )       = 14
[pid  5113] <... recvfrom resumed> 0x7ffe2ce211c0, 99999, 16384, 0, 0) = -1 EAGAIN (Resource temporarily unavailable)
[pid  5110] sendmsg(4, {msg_name(0)=NULL, msg_iov(1)=[{"1", 1}], msg_controllen=24, {cmsg_len=20, cmsg_level=SOL_SOCKET, cmsg_type=SCM_RIGHTS, {25}}, msg_flags=MSG_OOB}, 0 <unfinished ...>
[pid  5114] <... sendto resumed> )      = 17
[pid  5110] <... sendmsg resumed> )     = 1
[pid  5114] read(14,  <unfinished ...>
[pid  5110] write(1, "passing fd 26\n", 14 <unfinished ...>
[pid  5114] <... read resumed> "<html> \n     <head> \n          <"..., 1024) = 757
[pid  5110] <... write resumed> )       = 14
[pid  5114] write(6, "<html> \n     <head> \n          <"..., 757 <unfinished ...>
[pid  5110] sendmsg(5, {msg_name(0)=NULL, msg_iov(1)=[{"1", 1}], msg_controllen=24, {cmsg_len=20, cmsg_level=SOL_SOCKET, cmsg_type=SCM_RIGHTS, {26}}, msg_flags=MSG_OOB}, 0 <unfinished ...>
[pid  5114] <... write resumed> )       = 757
[pid  5113] shutdown(5, SHUT_RDWR <unfinished ...>
[pid  5110] <... sendmsg resumed> )     = 1
[pid  5114] read(14,  <unfinished ...>
[pid  5110] write(1, "passing fd 27\n", 14 <unfinished ...>
[pid  5114] <... read resumed> "", 1024) = 0
[pid  5110] <... write resumed> )       = 14
[pid  5114] shutdown(6, SHUT_RDWR <unfinished ...>
[pid  5110] sendmsg(6, {msg_name(0)=NULL, msg_iov(1)=[{"1", 1}], msg_controllen=24, {cmsg_len=20, cmsg_level=SOL_SOCKET, cmsg_type=SCM_RIGHTS, {27}}, msg_flags=MSG_OOB}, 0 <unfinished ...>
[pid  5114] <... shutdown resumed> )    = -1 ENOTCONN (Transport endpoint is not connected)
[pid  5110] <... sendmsg resumed> )     = 1
[pid  5114] close(6 <unfinished ...>
[pid  5110] write(1, "passing fd 12\n", 14 <unfinished ...>
[pid  5114] <... close resumed> )       = 0
[pid  5110] <... write resumed> )       = 14
[pid  5114] recvmsg(7,  <unfinished ...>
[pid  5110] sendmsg(3, {msg_name(0)=NULL, msg_iov(1)=[{"1", 1}], msg_controllen=24, {cmsg_len=20, cmsg_level=SOL_SOCKET, cmsg_type=SCM_RIGHTS, {12}}, msg_flags=MSG_OOB}, 0 <unfinished ...>
[pid  5114] <... recvmsg resumed> {msg_name(0)=NULL, msg_iov(1)=[{"1", 16}], msg_controllen=24, {cmsg_len=20, cmsg_level=SOL_SOCKET, cmsg_type=SCM_RIGHTS, {6}}, msg_flags=0}, 0) = 1
[pid  5110] <... sendmsg resumed> )     = 1
[pid  5114] write(1, "received fd 6\n", 14 <unfinished ...>
[pid  5110] epoll_ctl(8, EPOLL_CTL_DEL, 11, {EPOLLIN|EPOLLHUP|EPOLLRDHUP, {u32=11, u64=8435842194895536139}} <unfinished ...>
[pid  5114] <... write resumed> )       = 14
[pid  5110] <... epoll_ctl resumed> )   = 0
[pid  5113] <... shutdown resumed> )    = 0
[pid  5110] shutdown(11, SHUT_RDWR <unfinished ...>
[pid  5113] close(5 <unfinished ...>
[pid  5110] <... shutdown resumed> )    = -1 ENOTCONN (Transport endpoint is not connected)
[pid  5114] recvfrom(6,  <unfinished ...>
[pid  5110] close(11 <unfinished ...>
[pid  5114] <... recvfrom resumed> "GET / HTTP/1.0\r\nHost: 127.0.0.1:"..., 99999, MSG_NOSIGNAL, NULL, NULL) = 83
[pid  5110] <... close resumed> )       = 0
[pid  5114] write(1, "GET / HTTP/1.0\r\nHost: 127.0.0.1:"..., 83 <unfinished ...>
[pid  5110] epoll_ctl(8, EPOLL_CTL_DEL, 9, {EPOLLIN|EPOLLHUP|EPOLLRDHUP, {u32=9, u64=8435842194895536137}} <unfinished ...>
[pid  5113] <... close resumed> )       = 0
[pid  5114] <... write resumed> )       = 83
[pid  5113] recvmsg(6,  <unfinished ...>
[pid  5110] <... epoll_ctl resumed> )   = 0
[pid  5113] <... recvmsg resumed> {msg_name(0)=NULL, msg_iov(1)=[{"1", 16}], msg_controllen=24, {cmsg_len=20, cmsg_level=SOL_SOCKET, cmsg_type=SCM_RIGHTS, {5}}, msg_flags=0}, 0) = 1
[pid  5110] shutdown(9, SHUT_RDWR <unfinished ...>
[pid  5114] write(1, "reqline 1 /\n", 12 <unfinished ...>
[pid  5110] <... shutdown resumed> )    = -1 ENOTCONN (Transport endpoint is not connected)
[pid  5114] <... write resumed> )       = 12
[pid  5110] close(9 <unfinished ...>
[pid  5114] write(1, "reqline 2 HTTP/1.0\r\n", 20 <unfinished ...>
[pid  5113] write(1, "received fd 5\n", 14 <unfinished ...>
[pid  5112] <... close resumed> )       = 0
[pid  5111] recvmsg(4,  <unfinished ...>
[pid  5110] <... close resumed> )       = 0
[pid  5112] recvmsg(5,  <unfinished ...>
[pid  5111] <... recvmsg resumed> {msg_name(0)=NULL, msg_iov(1)=[{"1", 16}], msg_controllen=24, {cmsg_len=20, cmsg_level=SOL_SOCKET, cmsg_type=SCM_RIGHTS, {3}}, msg_flags=0}, 0) = 1
[pid  5114] <... write resumed> )       = 20
[pid  5113] <... write resumed> )       = 14
[pid  5114] write(1, "file: /home/misha/web_server//in"..., 41 <unfinished ...>
[pid  5110] epoll_wait(8,  <unfinished ...>
[pid  5114] <... write resumed> )       = 41
[pid  5110] <... epoll_wait resumed> {{EPOLLIN, {u32=7, u64=18078019860037639}}, {EPOLLIN, {u32=13, u64=8435842194895536141}}, {EPOLLIN, {u32=17, u64=8435842194895536145}}, {EPOLLIN, {u32=18, u64=8435842194895536146}}, {EPOLLIN|EPOLLHUP|EPOLLRDHUP, {u32=19, u64=8435842194895536147}}, {EPOLLIN, {u32=21, u64=8435842194895536149}}, {EPOLLIN, {u32=22, u64=8435842194895536150}}, {EPOLLIN, {u32=23, u64=8435842194895536151}}, {EPOLLIN, {u32=26, u64=8435842194895536154}}, {EPOLLIN, {u32=27, u64=27130793012756507}}, {EPOLLIN, {u32=12, u64=27130793012756492}}, {EPOLLIN, {u32=16, u64=27130793012756496}}, {EPOLLIN|EPOLLHUP|EPOLLRDHUP, {u32=14, u64=8435842194895536142}}, {EPOLLIN|EPOLLHUP|EPOLLRDHUP, {u32=10, u64=8435842194895536138}}}, 32, -1) = 14
[pid  5114] open("/home/misha/web_server//index.html", O_RDONLY <unfinished ...>
[pid  5110] accept(7,  <unfinished ...>
[pid  5114] <... open resumed> )        = 15
[pid  5110] <... accept resumed> 0, NULL) = 9
[pid  5114] sendto(6, "HTTP/1.0 200 OK\n\n", 17, 0, NULL, 0 <unfinished ...>
[pid  5110] fcntl(9, F_GETFL <unfinished ...>
[pid  5113] recvfrom(5,  <unfinished ...>
[pid  5114] <... sendto resumed> )      = 17
[pid  5113] <... recvfrom resumed> "GET / HTTP/1.0\r\nHost: 127.0.0.1:"..., 99999, MSG_NOSIGNAL, NULL, NULL) = 83
[pid  5114] read(15,  <unfinished ...>
[pid  5113] write(1, "GET / HTTP/1.0\r\nHost: 127.0.0.1:"..., 83 <unfinished ...>
[pid  5114] <... read resumed> "<html> \n     <head> \n          <"..., 1024) = 757
[pid  5112] <... recvmsg resumed> {msg_name(0)=NULL, msg_iov(1)=[{"1", 16}], msg_controllen=24, {cmsg_len=20, cmsg_level=SOL_SOCKET, cmsg_type=SCM_RIGHTS, {4}}, msg_flags=0}, 0) = 1
[pid  5111] write(1, "received fd 3\n", 14 <unfinished ...>
[pid  5114] write(6, "<html> \n     <head> \n          <"..., 757 <unfinished ...>
[pid  5113] <... write resumed> )       = 83
[pid  5112] write(1, "received fd 4\n", 14 <unfinished ...>
[pid  5111] <... write resumed> )       = 14
[pid  5112] <... write resumed> )       = 14
[pid  5111] recvfrom(3,  <unfinished ...>
[pid  5112] recvfrom(4,  <unfinished ...>
[pid  5113] write(1, "reqline 1 /\n", 12 <unfinished ...>
[pid  5110] <... fcntl resumed> )       = 0x2 (flags O_RDWR)
[pid  5114] <... write resumed> )       = 757
[pid  5112] <... recvfrom resumed> "", 99999, MSG_NOSIGNAL, NULL, NULL) = 0
[pid  5111] <... recvfrom resumed> "GET / HTTP/1.0\r\nHost: 127.0.0.1:"..., 99999, MSG_NOSIGNAL, NULL, NULL) = 83
[pid  5113] <... write resumed> )       = 12
[pid  5110] fcntl(9, F_SETFL, O_RDWR|O_NONBLOCK <unfinished ...>
[pid  5113] write(1, "reqline 2 HTTP/1.0\r\n", 20 <unfinished ...>
[pid  5110] <... fcntl resumed> )       = 0
[pid  5114] read(15,  <unfinished ...>
[pid  5110] epoll_ctl(8, EPOLL_CTL_ADD, 9, {EPOLLIN|EPOLLRDHUP, {u32=9, u64=27130793012756489}} <unfinished ...>
[pid  5114] <... read resumed> "", 1024) = 0
[pid  5110] <... epoll_ctl resumed> )   = 0
[pid  5114] shutdown(6, SHUT_RDWR <unfinished ...>
[pid  5110] write(1, "passing fd 13\n", 14 <unfinished ...>
[pid  5113] <... write resumed> )       = 20
[pid  5114] <... shutdown resumed> )    = 0
[pid  5110] <... write resumed> )       = 14
[pid  5114] close(6 <unfinished ...>
[pid  5110] sendmsg(4, {msg_name(0)=NULL, msg_iov(1)=[{"1", 1}], msg_controllen=24, {cmsg_len=20, cmsg_level=SOL_SOCKET, cmsg_type=SCM_RIGHTS, {13}}, msg_flags=MSG_OOB}, 0 <unfinished ...>
[pid  5114] <... close resumed> )       = 0
[pid  5110] <... sendmsg resumed> )     = 1
[pid  5114] recvmsg(7,  <unfinished ...>
[pid  5110] write(1, "passing fd 17\n", 14 <unfinished ...>
[pid  5114] <... recvmsg resumed> {msg_name(0)=NULL, msg_iov(1)=[{"1", 16}], msg_controllen=24, {cmsg_len=20, cmsg_level=SOL_SOCKET, cmsg_type=SCM_RIGHTS, {6}}, msg_flags=0}, 0) = 1
[pid  5110] <... write resumed> )       = 14
[pid  5114] write(1, "received fd 6\n", 14 <unfinished ...>
[pid  5110] sendmsg(5, {msg_name(0)=NULL, msg_iov(1)=[{"1", 1}], msg_controllen=24, {cmsg_len=20, cmsg_level=SOL_SOCKET, cmsg_type=SCM_RIGHTS, {17}}, msg_flags=MSG_OOB}, 0 <unfinished ...>
[pid  5114] <... write resumed> )       = 14
[pid  5110] <... sendmsg resumed> )     = 1
[pid  5113] write(1, "file: /home/misha/web_server//in"..., 41 <unfinished ...>
[pid  5110] write(1, "passing fd 18\n", 14 <unfinished ...>
[pid  5114] recvfrom(6,  <unfinished ...>
[pid  5110] <... write resumed> )       = 14
[pid  5114] <... recvfrom resumed> "GET / HTTP/1.0\r\nHost: 127.0.0.1:"..., 99999, MSG_NOSIGNAL, NULL, NULL) = 83
[pid  5110] sendmsg(6, {msg_name(0)=NULL, msg_iov(1)=[{"1", 1}], msg_controllen=24, {cmsg_len=20, cmsg_level=SOL_SOCKET, cmsg_type=SCM_RIGHTS, {18}}, msg_flags=MSG_OOB}, 0 <unfinished ...>
[pid  5114] write(1, "GET / HTTP/1.0\r\nHost: 127.0.0.1:"..., 83 <unfinished ...>
[pid  5110] <... sendmsg resumed> )     = 1
[pid  5113] <... write resumed> )       = 41
[pid  5110] epoll_ctl(8, EPOLL_CTL_DEL, 19, {EPOLLIN|EPOLLHUP|EPOLLRDHUP, {u32=19, u64=8435842194895536147}} <unfinished ...>
[pid  5114] <... write resumed> )       = 83
[pid  5110] <... epoll_ctl resumed> )   = 0
[pid  5114] write(1, "reqline 1 /\n", 12 <unfinished ...>
[pid  5110] shutdown(19, SHUT_RDWR <unfinished ...>
[pid  5114] <... write resumed> )       = 12
[pid  5110] <... shutdown resumed> )    = -1 ENOTCONN (Transport endpoint is not connected)
[pid  5114] write(1, "reqline 2 HTTP/1.0\r\n", 20 <unfinished ...>
[pid  5110] close(19 <unfinished ...>
[pid  5113] open("/home/misha/web_server//index.html", O_RDONLY <unfinished ...>
[pid  5110] <... close resumed> )       = 0
[pid  5114] <... write resumed> )       = 20
[pid  5110] write(1, "passing fd 21\n", 14 <unfinished ...>
[pid  5113] <... open resumed> )        = 8
[pid  5112] shutdown(4, SHUT_RDWR <unfinished ...>
[pid  5113] sendto(5, "HTTP/1.0 200 OK\n\n", 17, 0, NULL, 0 <unfinished ...>
[pid  5110] <... write resumed> )       = 14
[pid  5114] write(1, "file: /home/misha/web_server//in"..., 41 <unfinished ...>
[pid  5112] <... shutdown resumed> )    = -1 ENOTCONN (Transport endpoint is not connected)
[pid  5111] write(1, "GET / HTTP/1.0\r\nHost: 127.0.0.1:"..., 83 <unfinished ...>
[pid  5112] close(4 <unfinished ...>
[pid  5114] <... write resumed> )       = 41
[pid  5110] sendmsg(3, {msg_name(0)=NULL, msg_iov(1)=[{"1", 1}], msg_controllen=24, {cmsg_len=20, cmsg_level=SOL_SOCKET, cmsg_type=SCM_RIGHTS, {21}}, msg_flags=MSG_OOB}, 0 <unfinished ...>
[pid  5114] open("/home/misha/web_server//index.html", O_RDONLY <unfinished ...>
[pid  5110] <... sendmsg resumed> )     = 1
[pid  5114] <... open resumed> )        = 16
[pid  5110] write(1, "passing fd 22\n", 14 <unfinished ...>
[pid  5114] sendto(6, "HTTP/1.0 200 OK\n\n", 17, 0, NULL, 0 <unfinished ...>
[pid  5110] <... write resumed> )       = 14
[pid  5113] <... sendto resumed> )      = 17
[pid  5110] sendmsg(4, {msg_name(0)=NULL, msg_iov(1)=[{"1", 1}], msg_controllen=24, {cmsg_len=20, cmsg_level=SOL_SOCKET, cmsg_type=SCM_RIGHTS, {22}}, msg_flags=MSG_OOB}, 0 <unfinished ...>
[pid  5114] <... sendto resumed> )      = 17
[pid  5113] read(8,  <unfinished ...>
[pid  5112] <... close resumed> )       = 0
[pid  5113] <... read resumed> "<html> \n     <head> \n          <"..., 1024) = 757
[pid  5110] <... sendmsg resumed> )     = 1
[pid  5114] read(16,  <unfinished ...>
[pid  5110] write(1, "passing fd 23\n", 14 <unfinished ...>
[pid  5114] <... read resumed> "<html> \n     <head> \n          <"..., 1024) = 757
[pid  5110] <... write resumed> )       = 14
[pid  5114] write(6, "<html> \n     <head> \n          <"..., 757 <unfinished ...>
[pid  5110] sendmsg(5, {msg_name(0)=NULL, msg_iov(1)=[{"1", 1}], msg_controllen=24, {cmsg_len=20, cmsg_level=SOL_SOCKET, cmsg_type=SCM_RIGHTS, {23}}, msg_flags=MSG_OOB}, 0 <unfinished ...>
[pid  5114] <... write resumed> )       = 757
[pid  5110] <... sendmsg resumed> )     = 1
[pid  5114] read(16,  <unfinished ...>
[pid  5110] write(1, "passing fd 26\n", 14 <unfinished ...>
[pid  5114] <... read resumed> "", 1024) = 0
[pid  5110] <... write resumed> )       = 14
[pid  5114] shutdown(6, SHUT_RDWR <unfinished ...>
[pid  5110] sendmsg(6, {msg_name(0)=NULL, msg_iov(1)=[{"1", 1}], msg_controllen=24, {cmsg_len=20, cmsg_level=SOL_SOCKET, cmsg_type=SCM_RIGHTS, {26}}, msg_flags=MSG_OOB}, 0 <unfinished ...>
[pid  5114] <... shutdown resumed> )    = 0
[pid  5110] <... sendmsg resumed> )     = 1
[pid  5114] close(6 <unfinished ...>
[pid  5110] write(1, "passing fd 27\n", 14 <unfinished ...>
[pid  5114] <... close resumed> )       = 0
[pid  5110] <... write resumed> )       = 14
[pid  5114] recvmsg(7,  <unfinished ...>
[pid  5110] sendmsg(3, {msg_name(0)=NULL, msg_iov(1)=[{"1", 1}], msg_controllen=24, {cmsg_len=20, cmsg_level=SOL_SOCKET, cmsg_type=SCM_RIGHTS, {27}}, msg_flags=MSG_OOB}, 0 <unfinished ...>
[pid  5113] write(5, "<html> \n     <head> \n          <"..., 757 <unfinished ...>
[pid  5110] <... sendmsg resumed> )     = 1
[pid  5114] <... recvmsg resumed> {msg_name(0)=NULL, msg_iov(1)=[{"1", 16}], msg_controllen=24, {cmsg_len=20, cmsg_level=SOL_SOCKET, cmsg_type=SCM_RIGHTS, {6}}, msg_flags=0}, 0) = 1
[pid  5110] write(1, "passing fd 12\n", 14 <unfinished ...>
[pid  5114] write(1, "received fd 6\n", 14 <unfinished ...>
[pid  5113] <... write resumed> )       = 757
[pid  5110] <... write resumed> )       = 14
[pid  5114] <... write resumed> )       = 14
[pid  5110] sendmsg(4, {msg_name(0)=NULL, msg_iov(1)=[{"1", 1}], msg_controllen=24, {cmsg_len=20, cmsg_level=SOL_SOCKET, cmsg_type=SCM_RIGHTS, {12}}, msg_flags=MSG_OOB}, 0 <unfinished ...>
[pid  5114] recvfrom(6,  <unfinished ...>
[pid  5110] <... sendmsg resumed> )     = 1
[pid  5114] <... recvfrom resumed> "GET / HTTP/1.0\r\nHost: 127.0.0.1:"..., 99999, MSG_NOSIGNAL, NULL, NULL) = 83
[pid  5110] write(1, "passing fd 16\n", 14 <unfinished ...>
[pid  5114] write(1, "GET / HTTP/1.0\r\nHost: 127.0.0.1:"..., 83 <unfinished ...>
[pid  5110] <... write resumed> )       = 14
[pid  5113] read(8,  <unfinished ...>
[pid  5110] sendmsg(5, {msg_name(0)=NULL, msg_iov(1)=[{"1", 1}], msg_controllen=24, {cmsg_len=20, cmsg_level=SOL_SOCKET, cmsg_type=SCM_RIGHTS, {16}}, msg_flags=MSG_OOB}, 0 <unfinished ...>
[pid  5114] <... write resumed> )       = 83
[pid  5110] <... sendmsg resumed> )     = 1
[pid  5114] write(1, "reqline 1 /\n", 12 <unfinished ...>
[pid  5110] epoll_ctl(8, EPOLL_CTL_DEL, 14, {EPOLLIN|EPOLLHUP|EPOLLRDHUP, {u32=14, u64=8435842194895536142}} <unfinished ...>
[pid  5114] <... write resumed> )       = 12
[pid  5110] <... epoll_ctl resumed> )   = 0
[pid  5114] write(1, "reqline 2 HTTP/1.0\r\n", 20 <unfinished ...>
[pid  5110] shutdown(14, SHUT_RDWR <unfinished ...>
[pid  5113] <... read resumed> "", 1024) = 0
[pid  5112] shutdown(4, SHUT_RDWR <unfinished ...>
[pid  5111] <... write resumed> )       = 83
[pid  5112] <... shutdown resumed> )    = -1 EBADF (Bad file descriptor)
[pid  5113] shutdown(5, SHUT_RDWR <unfinished ...>
[pid  5112] close(4 <unfinished ...>
[pid  5110] <... shutdown resumed> )    = -1 ENOTCONN (Transport endpoint is not connected)
[pid  5114] <... write resumed> )       = 20
[pid  5110] close(14 <unfinished ...>
[pid  5114] write(1, "file: /home/misha/web_server//in"..., 41 <unfinished ...>
[pid  5110] <... close resumed> )       = 0
[pid  5114] <... write resumed> )       = 41
[pid  5110] epoll_ctl(8, EPOLL_CTL_DEL, 10, {EPOLLIN|EPOLLHUP|EPOLLRDHUP, {u32=10, u64=8435842194895536138}} <unfinished ...>
[pid  5114] open("/home/misha/web_server//index.html", O_RDONLY <unfinished ...>
[pid  5110] <... epoll_ctl resumed> )   = 0
[pid  5114] <... open resumed> )        = 17
[pid  5110] shutdown(10, SHUT_RDWR <unfinished ...>
[pid  5114] sendto(6, "HTTP/1.0 200 OK\n\n", 17, 0, NULL, 0 <unfinished ...>
[pid  5110] <... shutdown resumed> )    = -1 ENOTCONN (Transport endpoint is not connected)
[pid  5113] <... shutdown resumed> )    = 0
[pid  5112] <... close resumed> )       = -1 EBADF (Bad file descriptor)
[pid  5110] close(10 <unfinished ...>
[pid  5114] <... sendto resumed> )      = 17
[pid  5110] <... close resumed> )       = 0
[pid  5114] read(17,  <unfinished ...>
[pid  5110] epoll_wait(8,  <unfinished ...>
[pid  5114] <... read resumed> "<html> \n     <head> \n          <"..., 1024) = 757
[pid  5110] <... epoll_wait resumed> {{EPOLLIN, {u32=7, u64=18078019860037639}}, {EPOLLIN|EPOLLHUP|EPOLLRDHUP, {u32=17, u64=8435842194895536145}}, {EPOLLIN, {u32=18, u64=8435842194895536146}}, {EPOLLIN, {u32=21, u64=8435842194895536149}}, {EPOLLIN|EPOLLHUP|EPOLLRDHUP, {u32=23, u64=8435842194895536151}}, {EPOLLIN, {u32=26, u64=8435842194895536154}}, {EPOLLIN, {u32=27, u64=27130793012756507}}, {EPOLLIN, {u32=12, u64=27130793012756492}}, {EPOLLIN, {u32=16, u64=27130793012756496}}, {EPOLLIN, {u32=9, u64=27130793012756489}}, {EPOLLIN|EPOLLHUP|EPOLLRDHUP, {u32=25, u64=8435842194895536153}}}, 32, -1) = 11
[pid  5114] write(6, "<html> \n     <head> \n          <"..., 757 <unfinished ...>
[pid  5110] accept(7,  <unfinished ...>
[pid  5113] close(5 <unfinished ...>
[pid  5110] <... accept resumed> 0, NULL) = 10
[pid  5114] <... write resumed> )       = 757
[pid  5110] fcntl(10, F_GETFL <unfinished ...>
[pid  5114] read(17,  <unfinished ...>
[pid  5110] <... fcntl resumed> )       = 0x2 (flags O_RDWR)
[pid  5114] <... read resumed> "", 1024) = 0
[pid  5110] fcntl(10, F_SETFL, O_RDWR|O_NONBLOCK <unfinished ...>
[pid  5114] shutdown(6, SHUT_RDWR <unfinished ...>
[pid  5110] <... fcntl resumed> )       = 0
[pid  5113] <... close resumed> )       = 0
[pid  5110] epoll_ctl(8, EPOLL_CTL_ADD, 10, {EPOLLIN|EPOLLRDHUP, {u32=10, u64=27130793012756490}} <unfinished ...>
[pid  5114] <... shutdown resumed> )    = 0
[pid  5110] <... epoll_ctl resumed> )   = 0
[pid  5114] close(6 <unfinished ...>
[pid  5110] epoll_ctl(8, EPOLL_CTL_DEL, 17, {EPOLLIN|EPOLLHUP|EPOLLRDHUP, {u32=17, u64=8435842194895536145}} <unfinished ...>
[pid  5114] <... close resumed> )       = 0
[pid  5110] <... epoll_ctl resumed> )   = 0
[pid  5114] recvmsg(7,  <unfinished ...>
[pid  5110] shutdown(17, SHUT_RDWR <unfinished ...>
[pid  5114] <... recvmsg resumed> {msg_name(0)=NULL, msg_iov(1)=[{"1", 16}], msg_controllen=24, {cmsg_len=20, cmsg_level=SOL_SOCKET, cmsg_type=SCM_RIGHTS, {6}}, msg_flags=0}, 0) = 1
[pid  5110] <... shutdown resumed> )    = -1 ENOTCONN (Transport endpoint is not connected)
[pid  5114] write(1, "received fd 6\n", 14 <unfinished ...>
[pid  5110] close(17 <unfinished ...>
[pid  5113] recvmsg(6,  <unfinished ...>
[pid  5110] <... close resumed> )       = 0
[pid  5114] <... write resumed> )       = 14
[pid  5110] write(1, "passing fd 18\n", 14 <unfinished ...>
[pid  5113] <... recvmsg resumed> {msg_name(0)=NULL, msg_iov(1)=[{"1", 16}], msg_controllen=24, {cmsg_len=20, cmsg_level=SOL_SOCKET, cmsg_type=SCM_RIGHTS, {5}}, msg_flags=0}, 0) = 1
[pid  5110] <... write resumed> )       = 14
[pid  5113] write(1, "received fd 5\n", 14 <unfinished ...>
[pid  5110] sendmsg(6, {msg_name(0)=NULL, msg_iov(1)=[{"1", 1}], msg_controllen=24, {cmsg_len=20, cmsg_level=SOL_SOCKET, cmsg_type=SCM_RIGHTS, {18}}, msg_flags=MSG_OOB}, 0 <unfinished ...>
[pid  5114] recvfrom(6,  <unfinished ...>
[pid  5110] <... sendmsg resumed> )     = 1
[pid  5114] <... recvfrom resumed> "GET / HTTP/1.0\r\nHost: 127.0.0.1:"..., 99999, MSG_NOSIGNAL, NULL, NULL) = 83
[pid  5110] write(1, "passing fd 21\n", 14 <unfinished ...>
[pid  5114] write(1, "GET / HTTP/1.0\r\nHost: 127.0.0.1:"..., 83 <unfinished ...>
[pid  5110] <... write resumed> )       = 14
[pid  5114] <... write resumed> )       = 83
[pid  5110] sendmsg(3, {msg_name(0)=NULL, msg_iov(1)=[{"1", 1}], msg_controllen=24, {cmsg_len=20, cmsg_level=SOL_SOCKET, cmsg_type=SCM_RIGHTS, {21}}, msg_flags=MSG_OOB}, 0 <unfinished ...>
[pid  5114] write(1, "reqline 1 /\n", 12 <unfinished ...>
[pid  5110] <... sendmsg resumed> )     = 1
[pid  5114] <... write resumed> )       = 12
[pid  5113] <... write resumed> )       = 14
[pid  5114] write(1, "reqline 2 HTTP/1.0\r\n", 20 <unfinished ...>
[pid  5112] recvmsg(5,  <unfinished ...>
[pid  5113] recvfrom(5,  <unfinished ...>
[pid  5114] <... write resumed> )       = 20
[pid  5113] <... recvfrom resumed> "", 99999, MSG_NOSIGNAL, NULL, NULL) = 0
[pid  5110] epoll_ctl(8, EPOLL_CTL_DEL, 23, {EPOLLIN|EPOLLHUP|EPOLLRDHUP, {u32=23, u64=8435842194895536151}} <unfinished ...>
[pid  5114] write(1, "file: /home/misha/web_server//in"..., 41 <unfinished ...>
[pid  5110] <... epoll_ctl resumed> )   = 0
[pid  5113] shutdown(5, SHUT_RDWR <unfinished ...>
[pid  5110] shutdown(23, SHUT_RDWR <unfinished ...>
[pid  5114] <... write resumed> )       = 41
[pid  5110] <... shutdown resumed> )    = -1 ENOTCONN (Transport endpoint is not connected)
[pid  5114] open("/home/misha/web_server//index.html", O_RDONLY <unfinished ...>
[pid  5110] close(23 <unfinished ...>
[pid  5114] <... open resumed> )        = 18
[pid  5110] <... close resumed> )       = 0
[pid  5114] sendto(6, "HTTP/1.0 200 OK\n\n", 17, 0, NULL, 0 <unfinished ...>
[pid  5110] write(1, "passing fd 26\n", 14 <unfinished ...>
[pid  5113] <... shutdown resumed> )    = -1 ENOTCONN (Transport endpoint is not connected)
[pid  5114] <... sendto resumed> )      = 17
[pid  5110] <... write resumed> )       = 14
[pid  5114] read(18,  <unfinished ...>
[pid  5110] sendmsg(4, {msg_name(0)=NULL, msg_iov(1)=[{"1", 1}], msg_controllen=24, {cmsg_len=20, cmsg_level=SOL_SOCKET, cmsg_type=SCM_RIGHTS, {26}}, msg_flags=MSG_OOB}, 0 <unfinished ...>
[pid  5114] <... read resumed> "<html> \n     <head> \n          <"..., 1024) = 757
[pid  5110] <... sendmsg resumed> )     = 1
[pid  5114] write(6, "<html> \n     <head> \n          <"..., 757 <unfinished ...>
[pid  5110] write(1, "passing fd 27\n", 14 <unfinished ...>
[pid  5113] close(5 <unfinished ...>
[pid  5114] <... write resumed> )       = 757
[pid  5110] <... write resumed> )       = 14
[pid  5114] read(18,  <unfinished ...>
[pid  5110] sendmsg(5, {msg_name(0)=NULL, msg_iov(1)=[{"1", 1}], msg_controllen=24, {cmsg_len=20, cmsg_level=SOL_SOCKET, cmsg_type=SCM_RIGHTS, {27}}, msg_flags=MSG_OOB}, 0 <unfinished ...>
[pid  5114] <... read resumed> "", 1024) = 0
[pid  5110] <... sendmsg resumed> )     = 1
[pid  5114] shutdown(6, SHUT_RDWR <unfinished ...>
[pid  5110] write(1, "passing fd 12\n", 14 <unfinished ...>
[pid  5113] <... close resumed> )       = 0
[pid  5110] <... write resumed> )       = 14
[pid  5114] <... shutdown resumed> )    = 0
[pid  5110] sendmsg(6, {msg_name(0)=NULL, msg_iov(1)=[{"1", 1}], msg_controllen=24, {cmsg_len=20, cmsg_level=SOL_SOCKET, cmsg_type=SCM_RIGHTS, {12}}, msg_flags=MSG_OOB}, 0 <unfinished ...>
[pid  5114] close(6 <unfinished ...>
[pid  5110] <... sendmsg resumed> )     = 1
[pid  5114] <... close resumed> )       = 0
[pid  5110] write(1, "passing fd 16\n", 14 <unfinished ...>
[pid  5114] recvmsg(7,  <unfinished ...>
[pid  5110] <... write resumed> )       = 14
[pid  5114] <... recvmsg resumed> {msg_name(0)=NULL, msg_iov(1)=[{"1", 16}], msg_controllen=24, {cmsg_len=20, cmsg_level=SOL_SOCKET, cmsg_type=SCM_RIGHTS, {6}}, msg_flags=0}, 0) = 1
[pid  5110] sendmsg(3, {msg_name(0)=NULL, msg_iov(1)=[{"1", 1}], msg_controllen=24, {cmsg_len=20, cmsg_level=SOL_SOCKET, cmsg_type=SCM_RIGHTS, {16}}, msg_flags=MSG_OOB}, 0 <unfinished ...>
[pid  5114] write(1, "received fd 6\n", 14 <unfinished ...>
[pid  5110] <... sendmsg resumed> )     = 1
[pid  5113] recvmsg(6,  <unfinished ...>
[pid  5114] <... write resumed> )       = 14
[pid  5110] write(1, "passing fd 9\n", 13 <unfinished ...>
[pid  5114] recvfrom(6,  <unfinished ...>
[pid  5113] <... recvmsg resumed> {msg_name(0)=NULL, msg_iov(1)=[{"1", 16}], msg_controllen=24, {cmsg_len=20, cmsg_level=SOL_SOCKET, cmsg_type=SCM_RIGHTS, {5}}, msg_flags=0}, 0) = 1
[pid  5110] <... write resumed> )       = 13
[pid  5114] <... recvfrom resumed> "GET / HTTP/1.0\r\nHost: 127.0.0.1:"..., 99999, MSG_NOSIGNAL, NULL, NULL) = 83
[pid  5110] sendmsg(4, {msg_name(0)=NULL, msg_iov(1)=[{"1", 1}], msg_controllen=24, {cmsg_len=20, cmsg_level=SOL_SOCKET, cmsg_type=SCM_RIGHTS, {9}}, msg_flags=MSG_OOB}, 0 <unfinished ...>
[pid  5114] write(1, "GET / HTTP/1.0\r\nHost: 127.0.0.1:"..., 83 <unfinished ...>
[pid  5110] <... sendmsg resumed> )     = 1
[pid  5113] write(1, "received fd 5\n", 14 <unfinished ...>
[pid  5110] epoll_ctl(8, EPOLL_CTL_DEL, 25, {EPOLLIN|EPOLLHUP|EPOLLRDHUP, {u32=25, u64=8435842194895536153}} <unfinished ...>
[pid  5114] <... write resumed> )       = 83
[pid  5110] <... epoll_ctl resumed> )   = 0
[pid  5114] write(1, "reqline 1 /\n", 12 <unfinished ...>
[pid  5110] shutdown(25, SHUT_RDWR <unfinished ...>
[pid  5114] <... write resumed> )       = 12
[pid  5110] <... shutdown resumed> )    = -1 ENOTCONN (Transport endpoint is not connected)
[pid  5114] write(1, "reqline 2 HTTP/1.0\r\n", 20 <unfinished ...>
[pid  5110] close(25 <unfinished ...>
[pid  5113] <... write resumed> )       = 14
[pid  5110] <... close resumed> )       = 0
[pid  5114] <... write resumed> )       = 20
[pid  5110] epoll_wait(8,  <unfinished ...>
[pid  5114] write(1, "file: /home/misha/web_server//in"..., 41 <unfinished ...>
[pid  5113] recvfrom(5,  <unfinished ...>
[pid  5112] <... recvmsg resumed> {msg_name(0)=NULL, msg_iov(1)=[{"1", 16}], msg_controllen=24, {cmsg_len=20, cmsg_level=SOL_SOCKET, cmsg_type=SCM_RIGHTS, {4}}, msg_flags=0}, 0) = 1
[pid  5110] <... epoll_wait resumed> {{EPOLLIN, {u32=7, u64=18078019860037639}}, {EPOLLIN, {u32=21, u64=8435842194895536149}}, {EPOLLIN, {u32=26, u64=8435842194895536154}}, {EPOLLIN|EPOLLHUP|EPOLLRDHUP, {u32=27, u64=27130793012756507}}, {EPOLLIN, {u32=12, u64=27130793012756492}}, {EPOLLIN, {u32=16, u64=27130793012756496}}, {EPOLLIN, {u32=9, u64=27130793012756489}}, {EPOLLIN|EPOLLHUP|EPOLLRDHUP, {u32=22, u64=8435842194895536150}}, {EPOLLIN, {u32=10, u64=27130793012756490}}}, 32, -1) = 9
[pid  5114] <... write resumed> )       = 41
[pid  5110] accept(7,  <unfinished ...>
[pid  5114] open("/home/misha/web_server//index.html", O_RDONLY <unfinished ...>
[pid  5110] <... accept resumed> 0, NULL) = 11
[pid  5114] <... open resumed> )        = 19
[pid  5110] fcntl(11, F_GETFL <unfinished ...>
[pid  5114] sendto(6, "HTTP/1.0 200 OK\n\n", 17, 0, NULL, 0 <unfinished ...>
[pid  5110] <... fcntl resumed> )       = 0x2 (flags O_RDWR)
[pid  5113] <... recvfrom resumed> "", 99999, MSG_NOSIGNAL, NULL, NULL) = 0
[pid  5110] fcntl(11, F_SETFL, O_RDWR|O_NONBLOCK <unfinished ...>
[pid  5114] <... sendto resumed> )      = 17
[pid  5110] <... fcntl resumed> )       = 0
[pid  5114] read(19,  <unfinished ...>
[pid  5110] epoll_ctl(8, EPOLL_CTL_ADD, 11, {EPOLLIN|EPOLLRDHUP, {u32=11, u64=27130793012756491}} <unfinished ...>
[pid  5114] <... read resumed> "<html> \n     <head> \n          <"..., 1024) = 757
[pid  5110] <... epoll_ctl resumed> )   = 0
[pid  5114] write(6, "<html> \n     <head> \n          <"..., 757 <unfinished ...>
[pid  5110] write(1, "passing fd 21\n", 14 <unfinished ...>
[pid  5114] <... write resumed> )       = 757
[pid  5110] <... write resumed> )       = 14
[pid  5114] read(19,  <unfinished ...>
[pid  5110] sendmsg(5, {msg_name(0)=NULL, msg_iov(1)=[{"1", 1}], msg_controllen=24, {cmsg_len=20, cmsg_level=SOL_SOCKET, cmsg_type=SCM_RIGHTS, {21}}, msg_flags=MSG_OOB}, 0 <unfinished ...>
[pid  5114] <... read resumed> "", 1024) = 0
[pid  5110] <... sendmsg resumed> )     = 1
[pid  5114] shutdown(6, SHUT_RDWR <unfinished ...>
[pid  5110] write(1, "passing fd 26\n", 14 <unfinished ...>
[pid  5113] shutdown(5, SHUT_RDWR <unfinished ...>
[pid  5114] <... shutdown resumed> )    = 0
[pid  5110] <... write resumed> )       = 14
[pid  5114] close(6 <unfinished ...>
[pid  5110] sendmsg(6, {msg_name(0)=NULL, msg_iov(1)=[{"1", 1}], msg_controllen=24, {cmsg_len=20, cmsg_level=SOL_SOCKET, cmsg_type=SCM_RIGHTS, {26}}, msg_flags=MSG_OOB}, 0 <unfinished ...>
[pid  5114] <... close resumed> )       = 0
[pid  5110] <... sendmsg resumed> )     = 1
[pid  5114] recvmsg(7,  <unfinished ...>
[pid  5110] epoll_ctl(8, EPOLL_CTL_DEL, 27, {EPOLLIN|EPOLLHUP|EPOLLRDHUP, {u32=27, u64=27130793012756507}} <unfinished ...>
[pid  5114] <... recvmsg resumed> {msg_name(0)=NULL, msg_iov(1)=[{"1", 16}], msg_controllen=24, {cmsg_len=20, cmsg_level=SOL_SOCKET, cmsg_type=SCM_RIGHTS, {6}}, msg_flags=0}, 0) = 1
[pid  5110] <... epoll_ctl resumed> )   = 0
[pid  5114] write(1, "received fd 6\n", 14 <unfinished ...>
[pid  5110] shutdown(27, SHUT_RDWR <unfinished ...>
[pid  5113] <... shutdown resumed> )    = -1 ENOTCONN (Transport endpoint is not connected)
[pid  5110] <... shutdown resumed> )    = -1 ENOTCONN (Transport endpoint is not connected)
[pid  5114] <... write resumed> )       = 14
[pid  5110] close(27 <unfinished ...>
[pid  5113] close(5 <unfinished ...>
[pid  5114] recvfrom(6,  <unfinished ...>
[pid  5113] <... close resumed> )       = 0
[pid  5114] <... recvfrom resumed> "GET / HTTP/1.0\r\nHost: 127.0.0.1:"..., 99999, MSG_NOSIGNAL, NULL, NULL) = 83
[pid  5110] <... close resumed> )       = 0
[pid  5114] write(1, "GET / HTTP/1.0\r\nHost: 127.0.0.1:"..., 83 <unfinished ...>
[pid  5110] write(1, "passing fd 12\n", 14 <unfinished ...>
[pid  5113] shutdown(5, SHUT_RDWR <unfinished ...>
[pid  5112] write(1, "received fd 4\n", 14 <unfinished ...>
[pid  5110] <... write resumed> )       = 14
[pid  5114] <... write resumed> )       = 83
[pid  5110] sendmsg(3, {msg_name(0)=NULL, msg_iov(1)=[{"1", 1}], msg_controllen=24, {cmsg_len=20, cmsg_level=SOL_SOCKET, cmsg_type=SCM_RIGHTS, {12}}, msg_flags=MSG_OOB}, 0 <unfinished ...>
[pid  5114] write(1, "reqline 1 /\n", 12 <unfinished ...>
[pid  5110] <... sendmsg resumed> )     = 1
[pid  5113] <... shutdown resumed> )    = -1 EBADF (Bad file descriptor)
[pid  5110] write(1, "passing fd 16\n", 14 <unfinished ...>
[pid  5114] <... write resumed> )       = 12
[pid  5110] <... write resumed> )       = 14
[pid  5114] write(1, "reqline 2 HTTP/1.0\r\n", 20 <unfinished ...>
[pid  5110] sendmsg(4, {msg_name(0)=NULL, msg_iov(1)=[{"1", 1}], msg_controllen=24, {cmsg_len=20, cmsg_level=SOL_SOCKET, cmsg_type=SCM_RIGHTS, {16}}, msg_flags=MSG_OOB}, 0 <unfinished ...>
[pid  5114] <... write resumed> )       = 20
[pid  5110] <... sendmsg resumed> )     = 1
[pid  5114] write(1, "file: /home/misha/web_server//in"..., 41 <unfinished ...>
[pid  5110] write(1, "passing fd 9\n", 13 <unfinished ...>
[pid  5113] close(5 <unfinished ...>
[pid  5110] <... write resumed> )       = 13
[pid  5114] <... write resumed> )       = 41
[pid  5110] sendmsg(5, {msg_name(0)=NULL, msg_iov(1)=[{"1", 1}], msg_controllen=24, {cmsg_len=20, cmsg_level=SOL_SOCKET, cmsg_type=SCM_RIGHTS, {9}}, msg_flags=MSG_OOB}, 0 <unfinished ...>
[pid  5114] open("/home/misha/web_server//index.html", O_RDONLY <unfinished ...>
[pid  5110] <... sendmsg resumed> )     = 1
[pid  5114] <... open resumed> )        = 20
[pid  5110] epoll_ctl(8, EPOLL_CTL_DEL, 22, {EPOLLIN|EPOLLHUP|EPOLLRDHUP, {u32=22, u64=8435842194895536150}} <unfinished ...>
[pid  5114] sendto(6, "HTTP/1.0 200 OK\n\n", 17, 0, NULL, 0 <unfinished ...>
[pid  5110] <... epoll_ctl resumed> )   = 0
[pid  5113] <... close resumed> )       = -1 EBADF (Bad file descriptor)
[pid  5110] shutdown(22, SHUT_RDWR <unfinished ...>
[pid  5114] <... sendto resumed> )      = 17
[pid  5110] <... shutdown resumed> )    = -1 ENOTCONN (Transport endpoint is not connected)
[pid  5114] read(20,  <unfinished ...>
[pid  5110] close(22 <unfinished ...>
[pid  5114] <... read resumed> "<html> \n     <head> \n          <"..., 1024) = 757
[pid  5110] <... close resumed> )       = 0
[pid  5114] write(6, "<html> \n     <head> \n          <"..., 757 <unfinished ...>
[pid  5110] write(1, "passing fd 10\n", 14 <unfinished ...>
[pid  5113] recvmsg(6,  <unfinished ...>
[pid  5110] <... write resumed> )       = 14
[pid  5114] <... write resumed> )       = 757
[pid  5110] sendmsg(6, {msg_name(0)=NULL, msg_iov(1)=[{"1", 1}], msg_controllen=24, {cmsg_len=20, cmsg_level=SOL_SOCKET, cmsg_type=SCM_RIGHTS, {10}}, msg_flags=MSG_OOB}, 0 <unfinished ...>
[pid  5114] read(20,  <unfinished ...>
[pid  5110] <... sendmsg resumed> )     = 1
[pid  5114] <... read resumed> "", 1024) = 0
[pid  5110] epoll_wait(8,  <unfinished ...>
[pid  5114] shutdown(6, SHUT_RDWR <unfinished ...>
[pid  5110] <... epoll_wait resumed> {{EPOLLIN, {u32=7, u64=18078019860037639}}, {EPOLLIN, {u32=21, u64=8435842194895536149}}, {EPOLLIN, {u32=12, u64=27130793012756492}}, {EPOLLIN, {u32=16, u64=27130793012756496}}, {EPOLLIN, {u32=9, u64=27130793012756489}}, {EPOLLIN, {u32=10, u64=27130793012756490}}, {EPOLLIN, {u32=11, u64=27130793012756491}}, {EPOLLIN|EPOLLHUP|EPOLLRDHUP, {u32=18, u64=8435842194895536146}}}, 32, -1) = 8
[pid  5114] <... shutdown resumed> )    = 0
[pid  5110] accept(7,  <unfinished ...>
[pid  5114] close(6 <unfinished ...>
[pid  5110] <... accept resumed> 0, NULL) = 14
[pid  5114] <... close resumed> )       = 0
[pid  5110] fcntl(14, F_GETFL <unfinished ...>
[pid  5114] recvmsg(7,  <unfinished ...>
[pid  5110] <... fcntl resumed> )       = 0x2 (flags O_RDWR)
[pid  5114] <... recvmsg resumed> {msg_name(0)=NULL, msg_iov(1)=[{"1", 16}], msg_controllen=24, {cmsg_len=20, cmsg_level=SOL_SOCKET, cmsg_type=SCM_RIGHTS, {6}}, msg_flags=0}, 0) = 1
[pid  5110] fcntl(14, F_SETFL, O_RDWR|O_NONBLOCK <unfinished ...>
[pid  5114] write(1, "received fd 6\n", 14 <unfinished ...>
[pid  5110] <... fcntl resumed> )       = 0
[pid  5114] <... write resumed> )       = 14
[pid  5110] epoll_ctl(8, EPOLL_CTL_ADD, 14, {EPOLLIN|EPOLLRDHUP, {u32=14, u64=27130793012756494}} <unfinished ...>
[pid  5114] recvfrom(6,  <unfinished ...>
[pid  5110] <... epoll_ctl resumed> )   = 0
[pid  5114] <... recvfrom resumed> "", 99999, MSG_NOSIGNAL, NULL, NULL) = 0
[pid  5110] write(1, "passing fd 21\n", 14 <unfinished ...>
[pid  5114] shutdown(6, SHUT_RDWR <unfinished ...>
[pid  5113] <... recvmsg resumed> {msg_name(0)=NULL, msg_iov(1)=[{"1", 16}], msg_controllen=24, {cmsg_len=20, cmsg_level=SOL_SOCKET, cmsg_type=SCM_RIGHTS, {5}}, msg_flags=0}, 0) = 1
[pid  5110] <... write resumed> )       = 14
[pid  5114] <... shutdown resumed> )    = -1 ENOTCONN (Transport endpoint is not connected)
[pid  5110] sendmsg(3, {msg_name(0)=NULL, msg_iov(1)=[{"1", 1}], msg_controllen=24, {cmsg_len=20, cmsg_level=SOL_SOCKET, cmsg_type=SCM_RIGHTS, {21}}, msg_flags=MSG_OOB}, 0 <unfinished ...>
[pid  5114] close(6 <unfinished ...>
[pid  5110] <... sendmsg resumed> )     = 1
[pid  5114] <... close resumed> )       = 0
[pid  5110] write(1, "passing fd 12\n", 14 <unfinished ...>
[pid  5114] shutdown(6, SHUT_RDWR <unfinished ...>
[pid  5110] <... write resumed> )       = 14
[pid  5114] <... shutdown resumed> )    = -1 EBADF (Bad file descriptor)
[pid  5110] sendmsg(4, {msg_name(0)=NULL, msg_iov(1)=[{"1", 1}], msg_controllen=24, {cmsg_len=20, cmsg_level=SOL_SOCKET, cmsg_type=SCM_RIGHTS, {12}}, msg_flags=MSG_OOB}, 0 <unfinished ...>
[pid  5114] close(6 <unfinished ...>
[pid  5110] <... sendmsg resumed> )     = 1
[pid  5114] <... close resumed> )       = -1 EBADF (Bad file descriptor)
[pid  5110] write(1, "passing fd 16\n", 14 <unfinished ...>
[pid  5114] recvmsg(7,  <unfinished ...>
[pid  5113] write(1, "received fd 5\n", 14 <unfinished ...>
[pid  5110] <... write resumed> )       = 14
[pid  5114] <... recvmsg resumed> {msg_name(0)=NULL, msg_iov(1)=[{"1", 16}], msg_controllen=24, {cmsg_len=20, cmsg_level=SOL_SOCKET, cmsg_type=SCM_RIGHTS, {6}}, msg_flags=0}, 0) = 1
[pid  5110] sendmsg(5, {msg_name(0)=NULL, msg_iov(1)=[{"1", 1}], msg_controllen=24, {cmsg_len=20, cmsg_level=SOL_SOCKET, cmsg_type=SCM_RIGHTS, {16}}, msg_flags=MSG_OOB}, 0 <unfinished ...>
[pid  5114] write(1, "received fd 6\n", 14 <unfinished ...>
[pid  5110] <... sendmsg resumed> )     = 1
[pid  5113] <... write resumed> )       = 14
[pid  5110] write(1, "passing fd 9\n", 13 <unfinished ...>
[pid  5114] <... write resumed> )       = 14
[pid  5110] <... write resumed> )       = 13
[pid  5114] recvfrom(6,  <unfinished ...>
[pid  5110] sendmsg(6, {msg_name(0)=NULL, msg_iov(1)=[{"1", 1}], msg_controllen=24, {cmsg_len=20, cmsg_level=SOL_SOCKET, cmsg_type=SCM_RIGHTS, {9}}, msg_flags=MSG_OOB}, 0 <unfinished ...>
[pid  5114] <... recvfrom resumed> "GET / HTTP/1.0\r\nHost: 127.0.0.1:"..., 99999, MSG_NOSIGNAL, NULL, NULL) = 83
[pid  5110] <... sendmsg resumed> )     = 1
[pid  5114] write(1, "GET / HTTP/1.0\r\nHost: 127.0.0.1:"..., 83 <unfinished ...>
[pid  5110] write(1, "passing fd 10\n", 14 <unfinished ...>
[pid  5113] recvfrom(5,  <unfinished ...>
[pid  5114] <... write resumed> )       = 83
[pid  5110] <... write resumed> )       = 14
[pid  5114] write(1, "reqline 1 /\n", 12 <unfinished ...>
[pid  5110] sendmsg(3, {msg_name(0)=NULL, msg_iov(1)=[{"1", 1}], msg_controllen=24, {cmsg_len=20, cmsg_level=SOL_SOCKET, cmsg_type=SCM_RIGHTS, {10}}, msg_flags=MSG_OOB}, 0 <unfinished ...>
[pid  5114] <... write resumed> )       = 12
[pid  5110] <... sendmsg resumed> )     = 1
[pid  5114] write(1, "reqline 2 HTTP/1.0\r\n", 20 <unfinished ...>
[pid  5110] write(1, "passing fd 11\n", 14 <unfinished ...>
[pid  5113] <... recvfrom resumed> "", 99999, MSG_NOSIGNAL, NULL, NULL) = 0
[pid  5110] <... write resumed> )       = 14
[pid  5114] <... write resumed> )       = 20
[pid  5110] sendmsg(4, {msg_name(0)=NULL, msg_iov(1)=[{"1", 1}], msg_controllen=24, {cmsg_len=20, cmsg_level=SOL_SOCKET, cmsg_type=SCM_RIGHTS, {11}}, msg_flags=MSG_OOB}, 0 <unfinished ...>
[pid  5114] write(1, "file: /home/misha/web_server//in"..., 41 <unfinished ...>
[pid  5110] <... sendmsg resumed> )     = 1
[pid  5113] shutdown(5, SHUT_RDWR <unfinished ...>
[pid  5110] epoll_ctl(8, EPOLL_CTL_DEL, 18, {EPOLLIN|EPOLLHUP|EPOLLRDHUP, {u32=18, u64=8435842194895536146}} <unfinished ...>
[pid  5114] <... write resumed> )       = 41
[pid  5110] <... epoll_ctl resumed> )   = 0
[pid  5114] open("/home/misha/web_server//index.html", O_RDONLY <unfinished ...>
[pid  5110] shutdown(18, SHUT_RDWR <unfinished ...>
[pid  5114] <... open resumed> )        = 21
[pid  5110] <... shutdown resumed> )    = -1 ENOTCONN (Transport endpoint is not connected)
[pid  5114] sendto(6, "HTTP/1.0 200 OK\n\n", 17, 0, NULL, 0 <unfinished ...>
[pid  5110] close(18 <unfinished ...>
[pid  5113] <... shutdown resumed> )    = -1 ENOTCONN (Transport endpoint is not connected)
[pid  5110] <... close resumed> )       = 0
[pid  5114] <... sendto resumed> )      = 17
[pid  5110] epoll_wait(8,  <unfinished ...>
[pid  5114] read(21,  <unfinished ...>
[pid  5110] <... epoll_wait resumed> {{EPOLLIN, {u32=7, u64=18078019860037639}}, {EPOLLIN, {u32=21, u64=8435842194895536149}}, {EPOLLIN, {u32=16, u64=27130793012756496}}, {EPOLLIN, {u32=9, u64=27130793012756489}}, {EPOLLIN, {u32=10, u64=27130793012756490}}, {EPOLLIN, {u32=11, u64=27130793012756491}}, {EPOLLIN|EPOLLHUP|EPOLLRDHUP, {u32=26, u64=8435842194895536154}}, {EPOLLIN, {u32=14, u64=27130793012756494}}}, 32, -1) = 8
[pid  5114] <... read resumed> "<html> \n     <head> \n          <"..., 1024) = 757
[pid  5110] accept(7,  <unfinished ...>
[pid  5114] write(6, "<html> \n     <head> \n          <"..., 757 <unfinished ...>
[pid  5110] <... accept resumed> 0, NULL) = 15
[pid  5113] close(5 <unfinished ...>
[pid  5110] fcntl(15, F_GETFL <unfinished ...>
[pid  5114] <... write resumed> )       = 757
[pid  5110] <... fcntl resumed> )       = 0x2 (flags O_RDWR)
[pid  5114] read(21,  <unfinished ...>
[pid  5110] fcntl(15, F_SETFL, O_RDWR|O_NONBLOCK <unfinished ...>
[pid  5114] <... read resumed> "", 1024) = 0
[pid  5110] <... fcntl resumed> )       = 0
[pid  5114] shutdown(6, SHUT_RDWR <unfinished ...>
[pid  5110] epoll_ctl(8, EPOLL_CTL_ADD, 15, {EPOLLIN|EPOLLRDHUP, {u32=15, u64=27130793012756495}} <unfinished ...>
[pid  5114] <... shutdown resumed> )    = 0
[pid  5110] <... epoll_ctl resumed> )   = 0
[pid  5114] close(6 <unfinished ...>
[pid  5110] write(1, "passing fd 21\n", 14 <unfinished ...>
[pid  5114] <... close resumed> )       = 0
[pid  5110] <... write resumed> )       = 14
[pid  5114] recvmsg(7,  <unfinished ...>
[pid  5110] sendmsg(5, {msg_name(0)=NULL, msg_iov(1)=[{"1", 1}], msg_controllen=24, {cmsg_len=20, cmsg_level=SOL_SOCKET, cmsg_type=SCM_RIGHTS, {21}}, msg_flags=MSG_OOB}, 0 <unfinished ...>
[pid  5114] <... recvmsg resumed> {msg_name(0)=NULL, msg_iov(1)=[{"1", 16}], msg_controllen=24, {cmsg_len=20, cmsg_level=SOL_SOCKET, cmsg_type=SCM_RIGHTS, {6}}, msg_flags=0}, 0) = 1
[pid  5110] <... sendmsg resumed> )     = 1
[pid  5114] write(1, "received fd 6\n", 14 <unfinished ...>
[pid  5113] <... close resumed> )       = 0
[pid  5112] <... write resumed> )       = 14
[pid  5110] write(1, "passing fd 16\n", 14 <unfinished ...>
[pid  5114] <... write resumed> )       = 14
[pid  5110] <... write resumed> )       = 14
[pid  5114] recvfrom(6,  <unfinished ...>
[pid  5110] sendmsg(6, {msg_name(0)=NULL, msg_iov(1)=[{"1", 1}], msg_controllen=24, {cmsg_len=20, cmsg_level=SOL_SOCKET, cmsg_type=SCM_RIGHTS, {16}}, msg_flags=MSG_OOB}, 0 <unfinished ...>
[pid  5114] <... recvfrom resumed> "", 99999, MSG_NOSIGNAL, NULL, NULL) = 0
[pid  5110] <... sendmsg resumed> )     = 1
[pid  5114] shutdown(6, SHUT_RDWR <unfinished ...>
[pid  5110] write(1, "passing fd 9\n", 13 <unfinished ...>
[pid  5114] <... shutdown resumed> )    = -1 ENOTCONN (Transport endpoint is not connected)
[pid  5110] <... write resumed> )       = 13
[pid  5114] close(6 <unfinished ...>
[pid  5110] sendmsg(3, {msg_name(0)=NULL, msg_iov(1)=[{"1", 1}], msg_controllen=24, {cmsg_len=20, cmsg_level=SOL_SOCKET, cmsg_type=SCM_RIGHTS, {9}}, msg_flags=MSG_OOB}, 0 <unfinished ...>
[pid  5114] <... close resumed> )       = 0
[pid  5110] <... sendmsg resumed> )     = 1
[pid  5114] shutdown(6, SHUT_RDWR <unfinished ...>
[pid  5110] write(1, "passing fd 10\n", 14 <unfinished ...>
