[pid  5110] <... epoll_wait resumed> {{EPOLLIN, {u32=7, u64=18078019860037639}}, {EPOLLIN, {u32=12, u64=27130793012756492}}, {EPOLLIN, {u32=10, u64=27130793012756490}}, {EPOLLIN, {u32=13, u64=27130793012756493}}, {EPOLLIN, {u32=11, u64=27130793012756491}}, {EPOLLIN, {u32=14, u64=27130793012756494}}, {EPOLLIN, {u32=15, u64=27130793012756495}}, {EPOLLIN|EPOLLHUP|EPOLLRDHUP, {u32=9, u64=27130793012756489}}}, 32, -1) = 8
[pid  5114] <... close resumed> )       = -1 EBADF (Bad file descriptor)
[pid  5110] accept(7,  <unfinished ...>
[pid  5114] recvmsg(7,  <unfinished ...>
[pid  5110] <... accept resumed> 0, NULL) = 16
[pid  5114] <... recvmsg resumed> {msg_name(0)=NULL, msg_iov(1)=[{"1", 16}], msg_controllen=24, {cmsg_len=20, cmsg_level=SOL_SOCKET, cmsg_type=SCM_RIGHTS, {6}}, msg_flags=0}, 0) = 1
[pid  5110] fcntl(16, F_GETFL <unfinished ...>
[pid  5114] write(1, "received fd 6\n", 14 <unfinished ...>
[pid  5110] <... fcntl resumed> )       = 0x2 (flags O_RDWR)
[pid  5114] <... write resumed> )       = 14
[pid  5110] fcntl(16, F_SETFL, O_RDWR|O_NONBLOCK <unfinished ...>
[pid  5114] recvfrom(6,  <unfinished ...>
[pid  5110] <... fcntl resumed> )       = 0
[pid  5114] <... recvfrom resumed> "GET / HTTP/1.0\r\nHost: 127.0.0.1:"..., 99999, MSG_NOSIGNAL, NULL, NULL) = 83
[pid  5110] epoll_ctl(8, EPOLL_CTL_ADD, 16, {EPOLLIN|EPOLLRDHUP, {u32=16, u64=27130793012756496}} <unfinished ...>
[pid  5114] write(1, "GET / HTTP/1.0\r\nHost: 127.0.0.1:"..., 83 <unfinished ...>
[pid  5110] <... epoll_ctl resumed> )   = 0
[pid  5113] <... shutdown resumed> )    = -1 ENOTCONN (Transport endpoint is not connected)
[pid  5110] write(1, "passing fd 12\n", 14 <unfinished ...>
[pid  5114] <... write resumed> )       = 83
[pid  5110] <... write resumed> )       = 14
[pid  5114] write(1, "reqline 1 /\n", 12 <unfinished ...>
[pid  5110] sendmsg(3, {msg_name(0)=NULL, msg_iov(1)=[{"1", 1}], msg_controllen=24, {cmsg_len=20, cmsg_level=SOL_SOCKET, cmsg_type=SCM_RIGHTS, {12}}, msg_flags=MSG_OOB}, 0 <unfinished ...>
[pid  5114] <... write resumed> )       = 12
[pid  5110] <... sendmsg resumed> )     = 1
[pid  5114] write(1, "reqline 2 HTTP/1.0\r\n", 20 <unfinished ...>
[pid  5110] write(1, "passing fd 10\n", 14 <unfinished ...>
[pid  5113] close(5 <unfinished ...>
[pid  5110] <... write resumed> )       = 14
[pid  5114] <... write resumed> )       = 20
[pid  5110] sendmsg(4, {msg_name(0)=NULL, msg_iov(1)=[{"1", 1}], msg_controllen=24, {cmsg_len=20, cmsg_level=SOL_SOCKET, cmsg_type=SCM_RIGHTS, {10}}, msg_flags=MSG_OOB}, 0 <unfinished ...>
[pid  5114] write(1, "file: /home/misha/web_server//in"..., 41 <unfinished ...>
[pid  5110] <... sendmsg resumed> )     = 1
[pid  5114] <... write resumed> )       = 41
[pid  5110] write(1, "passing fd 13\n", 14 <unfinished ...>
[pid  5114] open("/home/misha/web_server//index.html", O_RDONLY <unfinished ...>
[pid  5110] <... write resumed> )       = 14
[pid  5114] <... open resumed> )        = 31
[pid  5110] sendmsg(5, {msg_name(0)=NULL, msg_iov(1)=[{"1", 1}], msg_controllen=24, {cmsg_len=20, cmsg_level=SOL_SOCKET, cmsg_type=SCM_RIGHTS, {13}}, msg_flags=MSG_OOB}, 0 <unfinished ...>
[pid  5114] sendto(6, "HTTP/1.0 200 OK\n\n", 17, 0, NULL, 0 <unfinished ...>
[pid  5113] <... close resumed> )       = 0
[pid  5110] <... sendmsg resumed> )     = 1
[pid  5112] shutdown(4, SHUT_RDWR <unfinished ...>
[pid  5110] write(1, "passing fd 11\n", 14 <unfinished ...>
[pid  5114] <... sendto resumed> )      = 17
[pid  5110] <... write resumed> )       = 14
[pid  5114] read(31,  <unfinished ...>
[pid  5110] sendmsg(6, {msg_name(0)=NULL, msg_iov(1)=[{"1", 1}], msg_controllen=24, {cmsg_len=20, cmsg_level=SOL_SOCKET, cmsg_type=SCM_RIGHTS, {11}}, msg_flags=MSG_OOB}, 0 <unfinished ...>
[pid  5114] <... read resumed> "<html> \n     <head> \n          <"..., 1024) = 757
[pid  5110] <... sendmsg resumed> )     = 1
[pid  5114] write(6, "<html> \n     <head> \n          <"..., 757 <unfinished ...>
[pid  5110] write(1, "passing fd 14\n", 14 <unfinished ...>
[pid  5113] shutdown(5, SHUT_RDWR <unfinished ...>
[pid  5114] <... write resumed> )       = 757
[pid  5110] <... write resumed> )       = 14
[pid  5114] read(31,  <unfinished ...>
[pid  5110] sendmsg(3, {msg_name(0)=NULL, msg_iov(1)=[{"1", 1}], msg_controllen=24, {cmsg_len=20, cmsg_level=SOL_SOCKET, cmsg_type=SCM_RIGHTS, {14}}, msg_flags=MSG_OOB}, 0 <unfinished ...>
[pid  5114] <... read resumed> "", 1024) = 0
[pid  5110] <... sendmsg resumed> )     = 1
[pid  5114] shutdown(6, SHUT_RDWR <unfinished ...>
[pid  5110] write(1, "passing fd 15\n", 14 <unfinished ...>
[pid  5113] <... shutdown resumed> )    = -1 EBADF (Bad file descriptor)
[pid  5110] <... write resumed> )       = 14
[pid  5114] <... shutdown resumed> )    = 0
[pid  5110] sendmsg(4, {msg_name(0)=NULL, msg_iov(1)=[{"1", 1}], msg_controllen=24, {cmsg_len=20, cmsg_level=SOL_SOCKET, cmsg_type=SCM_RIGHTS, {15}}, msg_flags=MSG_OOB}, 0 <unfinished ...>
[pid  5114] close(6 <unfinished ...>
[pid  5110] <... sendmsg resumed> )     = 1
[pid  5114] <... close resumed> )       = 0
[pid  5110] epoll_ctl(8, EPOLL_CTL_DEL, 9, {EPOLLIN|EPOLLHUP|EPOLLRDHUP, {u32=9, u64=27130793012756489}} <unfinished ...>
[pid  5114] recvmsg(7,  <unfinished ...>
[pid  5110] <... epoll_ctl resumed> )   = 0
[pid  5114] <... recvmsg resumed> {msg_name(0)=NULL, msg_iov(1)=[{"1", 16}], msg_controllen=24, {cmsg_len=20, cmsg_level=SOL_SOCKET, cmsg_type=SCM_RIGHTS, {6}}, msg_flags=0}, 0) = 1
[pid  5110] shutdown(9, SHUT_RDWR <unfinished ...>
[pid  5114] write(1, "received fd 6\n", 14 <unfinished ...>
[pid  5110] <... shutdown resumed> )    = -1 ENOTCONN (Transport endpoint is not connected)
[pid  5114] <... write resumed> )       = 14
[pid  5110] close(9 <unfinished ...>
[pid  5114] recvfrom(6,  <unfinished ...>
[pid  5110] <... close resumed> )       = 0
[pid  5114] <... recvfrom resumed> "GET / HTTP/1.0\r\nHost: 127.0.0.1:"..., 99999, MSG_NOSIGNAL, NULL, NULL) = 83
[pid  5110] epoll_wait(8,  <unfinished ...>
[pid  5114] write(1, "GET / HTTP/1.0\r\nHost: 127.0.0.1:"..., 83 <unfinished ...>
[pid  5110] <... epoll_wait resumed> {{EPOLLIN, {u32=7, u64=18078019860037639}}, {EPOLLIN|EPOLLHUP|EPOLLRDHUP, {u32=10, u64=27130793012756490}}, {EPOLLIN, {u32=13, u64=27130793012756493}}, {EPOLLIN, {u32=11, u64=27130793012756491}}, {EPOLLIN, {u32=14, u64=27130793012756494}}, {EPOLLIN, {u32=15, u64=27130793012756495}}, {EPOLLIN, {u32=16, u64=27130793012756496}}}, 32, -1) = 7
[pid  5114] <... write resumed> )       = 83
[pid  5110] accept(7,  <unfinished ...>
[pid  5114] write(1, "reqline 1 /\n", 12 <unfinished ...>
[pid  5110] <... accept resumed> 0, NULL) = 9
[pid  5114] <... write resumed> )       = 12
[pid  5110] fcntl(9, F_GETFL <unfinished ...>
[pid  5114] write(1, "reqline 2 HTTP/1.0\r\n", 20 <unfinished ...>
[pid  5110] <... fcntl resumed> )       = 0x2 (flags O_RDWR)
[pid  5113] close(5 <unfinished ...>
[pid  5110] fcntl(9, F_SETFL, O_RDWR|O_NONBLOCK <unfinished ...>
[pid  5114] <... write resumed> )       = 20
[pid  5110] <... fcntl resumed> )       = 0
[pid  5114] write(1, "file: /home/misha/web_server//in"..., 41 <unfinished ...>
[pid  5110] epoll_ctl(8, EPOLL_CTL_ADD, 9, {EPOLLIN|EPOLLRDHUP, {u32=9, u64=27130793012756489}} <unfinished ...>
[pid  5113] <... close resumed> )       = -1 EBADF (Bad file descriptor)
[pid  5110] <... epoll_ctl resumed> )   = 0
[pid  5114] <... write resumed> )       = 41
[pid  5110] epoll_ctl(8, EPOLL_CTL_DEL, 10, {EPOLLIN|EPOLLHUP|EPOLLRDHUP, {u32=10, u64=27130793012756490}} <unfinished ...>
[pid  5114] open("/home/misha/web_server//index.html", O_RDONLY <unfinished ...>
[pid  5110] <... epoll_ctl resumed> )   = 0
[pid  5114] <... open resumed> )        = 32
[pid  5110] shutdown(10, SHUT_RDWR <unfinished ...>
[pid  5114] sendto(6, "HTTP/1.0 200 OK\n\n", 17, 0, NULL, 0 <unfinished ...>
[pid  5110] <... shutdown resumed> )    = -1 ENOTCONN (Transport endpoint is not connected)
[pid  5113] recvmsg(6,  <unfinished ...>
[pid  5110] close(10 <unfinished ...>
[pid  5114] <... sendto resumed> )      = 17
[pid  5110] <... close resumed> )       = 0
[pid  5114] read(32,  <unfinished ...>
[pid  5110] write(1, "passing fd 13\n", 14 <unfinished ...>
[pid  5114] <... read resumed> "<html> \n     <head> \n          <"..., 1024) = 757
[pid  5110] <... write resumed> )       = 14
[pid  5114] write(6, "<html> \n     <head> \n          <"..., 757 <unfinished ...>
[pid  5110] sendmsg(5, {msg_name(0)=NULL, msg_iov(1)=[{"1", 1}], msg_controllen=24, {cmsg_len=20, cmsg_level=SOL_SOCKET, cmsg_type=SCM_RIGHTS, {13}}, msg_flags=MSG_OOB}, 0 <unfinished ...>
[pid  5114] <... write resumed> )       = 757
[pid  5110] <... sendmsg resumed> )     = 1
[pid  5114] read(32,  <unfinished ...>
[pid  5110] write(1, "passing fd 11\n", 14 <unfinished ...>
[pid  5114] <... read resumed> "", 1024) = 0
[pid  5110] <... write resumed> )       = 14
[pid  5114] shutdown(6, SHUT_RDWR <unfinished ...>
[pid  5110] sendmsg(6, {msg_name(0)=NULL, msg_iov(1)=[{"1", 1}], msg_controllen=24, {cmsg_len=20, cmsg_level=SOL_SOCKET, cmsg_type=SCM_RIGHTS, {11}}, msg_flags=MSG_OOB}, 0 <unfinished ...>
[pid  5114] <... shutdown resumed> )    = 0
[pid  5110] <... sendmsg resumed> )     = 1
[pid  5114] close(6 <unfinished ...>
[pid  5110] write(1, "passing fd 14\n", 14 <unfinished ...>
[pid  5114] <... close resumed> )       = 0
[pid  5110] <... write resumed> )       = 14
[pid  5114] recvmsg(7,  <unfinished ...>
[pid  5110] sendmsg(3, {msg_name(0)=NULL, msg_iov(1)=[{"1", 1}], msg_controllen=24, {cmsg_len=20, cmsg_level=SOL_SOCKET, cmsg_type=SCM_RIGHTS, {14}}, msg_flags=MSG_OOB}, 0 <unfinished ...>
[pid  5114] <... recvmsg resumed> {msg_name(0)=NULL, msg_iov(1)=[{"1", 16}], msg_controllen=24, {cmsg_len=20, cmsg_level=SOL_SOCKET, cmsg_type=SCM_RIGHTS, {6}}, msg_flags=0}, 0) = 1
[pid  5110] <... sendmsg resumed> )     = 1
[pid  5114] write(1, "received fd 6\n", 14 <unfinished ...>
[pid  5110] write(1, "passing fd 15\n", 14 <unfinished ...>
[pid  5114] <... write resumed> )       = 14
[pid  5110] <... write resumed> )       = 14
[pid  5114] recvfrom(6,  <unfinished ...>
[pid  5110] sendmsg(4, {msg_name(0)=NULL, msg_iov(1)=[{"1", 1}], msg_controllen=24, {cmsg_len=20, cmsg_level=SOL_SOCKET, cmsg_type=SCM_RIGHTS, {15}}, msg_flags=MSG_OOB}, 0 <unfinished ...>
[pid  5114] <... recvfrom resumed> "GET / HTTP/1.0\r\nHost: 127.0.0.1:"..., 99999, MSG_NOSIGNAL, NULL, NULL) = 83
[pid  5110] <... sendmsg resumed> )     = 1
[pid  5114] write(1, "GET / HTTP/1.0\r\nHost: 127.0.0.1:"..., 83 <unfinished ...>
[pid  5110] write(1, "passing fd 16\n", 14 <unfinished ...>
[pid  5113] <... recvmsg resumed> {msg_name(0)=NULL, msg_iov(1)=[{"1", 16}], msg_controllen=24, {cmsg_len=20, cmsg_level=SOL_SOCKET, cmsg_type=SCM_RIGHTS, {5}}, msg_flags=0}, 0) = 1
[pid  5110] <... write resumed> )       = 14
[pid  5114] <... write resumed> )       = 83
[pid  5110] sendmsg(5, {msg_name(0)=NULL, msg_iov(1)=[{"1", 1}], msg_controllen=24, {cmsg_len=20, cmsg_level=SOL_SOCKET, cmsg_type=SCM_RIGHTS, {16}}, msg_flags=MSG_OOB}, 0 <unfinished ...>
[pid  5114] write(1, "reqline 1 /\n", 12 <unfinished ...>
[pid  5110] <... sendmsg resumed> )     = 1
[pid  5113] write(1, "received fd 5\n", 14 <unfinished ...>
[pid  5110] epoll_wait(8,  <unfinished ...>
[pid  5114] <... write resumed> )       = 12
[pid  5110] <... epoll_wait resumed> {{EPOLLIN, {u32=7, u64=18078019860037639}}, {EPOLLIN, {u32=13, u64=27130793012756493}}, {EPOLLIN, {u32=11, u64=27130793012756491}}, {EPOLLIN, {u32=15, u64=27130793012756495}}, {EPOLLIN, {u32=16, u64=27130793012756496}}, {EPOLLIN, {u32=9, u64=27130793012756489}}, {EPOLLIN|EPOLLHUP|EPOLLRDHUP, {u32=12, u64=27130793012756492}}}, 32, -1) = 7
[pid  5114] write(1, "reqline 2 HTTP/1.0\r\n", 20 <unfinished ...>
[pid  5110] accept(7,  <unfinished ...>
[pid  5113] <... write resumed> )       = 14
[pid  5110] <... accept resumed> 0, NULL) = 10
[pid  5114] <... write resumed> )       = 20
[pid  5110] fcntl(10, F_GETFL <unfinished ...>
[pid  5114] write(1, "file: /home/misha/web_server//in"..., 41 <unfinished ...>
[pid  5110] <... fcntl resumed> )       = 0x2 (flags O_RDWR)
[pid  5113] recvfrom(5,  <unfinished ...>
[pid  5110] fcntl(10, F_SETFL, O_RDWR|O_NONBLOCK <unfinished ...>
[pid  5114] <... write resumed> )       = 41
[pid  5110] <... fcntl resumed> )       = 0
[pid  5114] open("/home/misha/web_server//index.html", O_RDONLY <unfinished ...>
[pid  5110] epoll_ctl(8, EPOLL_CTL_ADD, 10, {EPOLLIN|EPOLLRDHUP, {u32=10, u64=27130793012756490}} <unfinished ...>
[pid  5114] <... open resumed> )        = 33
[pid  5110] <... epoll_ctl resumed> )   = 0
[pid  5114] sendto(6, "HTTP/1.0 200 OK\n\n", 17, 0, NULL, 0 <unfinished ...>
[pid  5110] write(1, "passing fd 13\n", 14 <unfinished ...>
[pid  5113] <... recvfrom resumed> "", 99999, MSG_NOSIGNAL, NULL, NULL) = 0
[pid  5114] <... sendto resumed> )      = 17
[pid  5110] <... write resumed> )       = 14
[pid  5114] read(33,  <unfinished ...>
[pid  5110] sendmsg(6, {msg_name(0)=NULL, msg_iov(1)=[{"1", 1}], msg_controllen=24, {cmsg_len=20, cmsg_level=SOL_SOCKET, cmsg_type=SCM_RIGHTS, {13}}, msg_flags=MSG_OOB}, 0 <unfinished ...>
[pid  5114] <... read resumed> "<html> \n     <head> \n          <"..., 1024) = 757
[pid  5110] <... sendmsg resumed> )     = 1
[pid  5114] write(6, "<html> \n     <head> \n          <"..., 757 <unfinished ...>
[pid  5110] write(1, "passing fd 11\n", 14 <unfinished ...>
[pid  5113] shutdown(5, SHUT_RDWR <unfinished ...>
[pid  5114] <... write resumed> )       = 757
[pid  5110] <... write resumed> )       = 14
[pid  5114] read(33,  <unfinished ...>
[pid  5110] sendmsg(3, {msg_name(0)=NULL, msg_iov(1)=[{"1", 1}], msg_controllen=24, {cmsg_len=20, cmsg_level=SOL_SOCKET, cmsg_type=SCM_RIGHTS, {11}}, msg_flags=MSG_OOB}, 0 <unfinished ...>
[pid  5114] <... read resumed> "", 1024) = 0
[pid  5110] <... sendmsg resumed> )     = 1
[pid  5114] shutdown(6, SHUT_RDWR <unfinished ...>
[pid  5110] write(1, "passing fd 15\n", 14 <unfinished ...>
[pid  5113] <... shutdown resumed> )    = -1 ENOTCONN (Transport endpoint is not connected)
[pid  5110] <... write resumed> )       = 14
[pid  5114] <... shutdown resumed> )    = 0
[pid  5110] sendmsg(4, {msg_name(0)=NULL, msg_iov(1)=[{"1", 1}], msg_controllen=24, {cmsg_len=20, cmsg_level=SOL_SOCKET, cmsg_type=SCM_RIGHTS, {15}}, msg_flags=MSG_OOB}, 0 <unfinished ...>
[pid  5114] close(6 <unfinished ...>
[pid  5110] <... sendmsg resumed> )     = 1
[pid  5114] <... close resumed> )       = 0
[pid  5110] write(1, "passing fd 16\n", 14 <unfinished ...>
[pid  5114] recvmsg(7,  <unfinished ...>
[pid  5110] <... write resumed> )       = 14
[pid  5114] <... recvmsg resumed> {msg_name(0)=NULL, msg_iov(1)=[{"1", 16}], msg_controllen=24, {cmsg_len=20, cmsg_level=SOL_SOCKET, cmsg_type=SCM_RIGHTS, {6}}, msg_flags=0}, 0) = 1
[pid  5110] sendmsg(5, {msg_name(0)=NULL, msg_iov(1)=[{"1", 1}], msg_controllen=24, {cmsg_len=20, cmsg_level=SOL_SOCKET, cmsg_type=SCM_RIGHTS, {16}}, msg_flags=MSG_OOB}, 0 <unfinished ...>
[pid  5114] write(1, "received fd 6\n", 14 <unfinished ...>
[pid  5110] <... sendmsg resumed> )     = 1
[pid  5114] <... write resumed> )       = 14
[pid  5110] write(1, "passing fd 9\n", 13 <unfinished ...>
[pid  5114] recvfrom(6,  <unfinished ...>
[pid  5110] <... write resumed> )       = 13
[pid  5114] <... recvfrom resumed> "GET / HTTP/1.0\r\nHost: 127.0.0.1:"..., 99999, MSG_NOSIGNAL, NULL, NULL) = 83
[pid  5110] sendmsg(6, {msg_name(0)=NULL, msg_iov(1)=[{"1", 1}], msg_controllen=24, {cmsg_len=20, cmsg_level=SOL_SOCKET, cmsg_type=SCM_RIGHTS, {9}}, msg_flags=MSG_OOB}, 0 <unfinished ...>
[pid  5114] write(1, "GET / HTTP/1.0\r\nHost: 127.0.0.1:"..., 83 <unfinished ...>
[pid  5110] <... sendmsg resumed> )     = 1
[pid  5113] close(5 <unfinished ...>
[pid  5110] epoll_ctl(8, EPOLL_CTL_DEL, 12, {EPOLLIN|EPOLLHUP|EPOLLRDHUP, {u32=12, u64=27130793012756492}} <unfinished ...>
[pid  5114] <... write resumed> )       = 83
[pid  5110] <... epoll_ctl resumed> )   = 0
[pid  5114] write(1, "reqline 1 /\n", 12 <unfinished ...>
[pid  5110] shutdown(12, SHUT_RDWR <unfinished ...>
[pid  5113] <... close resumed> )       = 0
[pid  5110] <... shutdown resumed> )    = -1 ENOTCONN (Transport endpoint is not connected)
[pid  5114] <... write resumed> )       = 12
[pid  5110] close(12 <unfinished ...>
[pid  5114] write(1, "reqline 2 HTTP/1.0\r\n", 20 <unfinished ...>
[pid  5110] <... close resumed> )       = 0
[pid  5113] shutdown(5, SHUT_RDWR <unfinished ...>
[pid  5110] epoll_wait(8,  <unfinished ...>
[pid  5114] <... write resumed> )       = 20
[pid  5110] <... epoll_wait resumed> {{EPOLLIN, {u32=7, u64=18078019860037639}}, {EPOLLIN, {u32=13, u64=27130793012756493}}, {EPOLLIN, {u32=15, u64=27130793012756495}}, {EPOLLIN, {u32=16, u64=27130793012756496}}, {EPOLLIN, {u32=9, u64=27130793012756489}}, {EPOLLIN, {u32=10, u64=27130793012756490}}, {EPOLLIN|EPOLLHUP|EPOLLRDHUP, {u32=14, u64=27130793012756494}}}, 32, -1) = 7
[pid  5114] write(1, "file: /home/misha/web_server//in"..., 41 <unfinished ...>
[pid  5110] accept(7,  <unfinished ...>
[pid  5113] <... shutdown resumed> )    = -1 EBADF (Bad file descriptor)
[pid  5110] <... accept resumed> 0, NULL) = 12
[pid  5114] <... write resumed> )       = 41
[pid  5110] fcntl(12, F_GETFL <unfinished ...>
[pid  5114] open("/home/misha/web_server//index.html", O_RDONLY <unfinished ...>
[pid  5110] <... fcntl resumed> )       = 0x2 (flags O_RDWR)
[pid  5114] <... open resumed> )        = 34
[pid  5110] fcntl(12, F_SETFL, O_RDWR|O_NONBLOCK <unfinished ...>
[pid  5114] sendto(6, "HTTP/1.0 200 OK\n\n", 17, 0, NULL, 0 <unfinished ...>
[pid  5110] <... fcntl resumed> )       = 0
[pid  5113] close(5 <unfinished ...>
[pid  5110] epoll_ctl(8, EPOLL_CTL_ADD, 12, {EPOLLIN|EPOLLRDHUP, {u32=12, u64=27130793012756492}} <unfinished ...>
[pid  5114] <... sendto resumed> )      = 17
[pid  5110] <... epoll_ctl resumed> )   = 0
[pid  5114] read(34,  <unfinished ...>
[pid  5110] write(1, "passing fd 13\n", 14 <unfinished ...>
[pid  5114] <... read resumed> "<html> \n     <head> \n          <"..., 1024) = 757
[pid  5110] <... write resumed> )       = 14
[pid  5114] write(6, "<html> \n     <head> \n          <"..., 757 <unfinished ...>
[pid  5110] sendmsg(3, {msg_name(0)=NULL, msg_iov(1)=[{"1", 1}], msg_controllen=24, {cmsg_len=20, cmsg_level=SOL_SOCKET, cmsg_type=SCM_RIGHTS, {13}}, msg_flags=MSG_OOB}, 0 <unfinished ...>
[pid  5114] <... write resumed> )       = 757
[pid  5110] <... sendmsg resumed> )     = 1
[pid  5114] read(34,  <unfinished ...>
[pid  5110] write(1, "passing fd 15\n", 14 <unfinished ...>
[pid  5114] <... read resumed> "", 1024) = 0
[pid  5110] <... write resumed> )       = 14
[pid  5114] shutdown(6, SHUT_RDWR <unfinished ...>
[pid  5110] sendmsg(4, {msg_name(0)=NULL, msg_iov(1)=[{"1", 1}], msg_controllen=24, {cmsg_len=20, cmsg_level=SOL_SOCKET, cmsg_type=SCM_RIGHTS, {15}}, msg_flags=MSG_OOB}, 0 <unfinished ...>
[pid  5114] <... shutdown resumed> )    = 0
[pid  5110] <... sendmsg resumed> )     = 1
[pid  5114] close(6 <unfinished ...>
[pid  5110] write(1, "passing fd 16\n", 14 <unfinished ...>
[pid  5114] <... close resumed> )       = 0
[pid  5110] <... write resumed> )       = 14
[pid  5114] recvmsg(7,  <unfinished ...>
[pid  5110] sendmsg(5, {msg_name(0)=NULL, msg_iov(1)=[{"1", 1}], msg_controllen=24, {cmsg_len=20, cmsg_level=SOL_SOCKET, cmsg_type=SCM_RIGHTS, {16}}, msg_flags=MSG_OOB}, 0 <unfinished ...>
[pid  5114] <... recvmsg resumed> {msg_name(0)=NULL, msg_iov(1)=[{"1", 16}], msg_controllen=24, {cmsg_len=20, cmsg_level=SOL_SOCKET, cmsg_type=SCM_RIGHTS, {6}}, msg_flags=0}, 0) = 1
[pid  5110] <... sendmsg resumed> )     = 1
[pid  5114] write(1, "received fd 6\n", 14 <unfinished ...>
[pid  5110] write(1, "passing fd 9\n", 13 <unfinished ...>
[pid  5114] <... write resumed> )       = 14
[pid  5110] <... write resumed> )       = 13
[pid  5114] recvfrom(6,  <unfinished ...>
[pid  5110] sendmsg(6, {msg_name(0)=NULL, msg_iov(1)=[{"1", 1}], msg_controllen=24, {cmsg_len=20, cmsg_level=SOL_SOCKET, cmsg_type=SCM_RIGHTS, {9}}, msg_flags=MSG_OOB}, 0 <unfinished ...>
[pid  5114] <... recvfrom resumed> "", 99999, MSG_NOSIGNAL, NULL, NULL) = 0
[pid  5110] <... sendmsg resumed> )     = 1
[pid  5114] shutdown(6, SHUT_RDWR <unfinished ...>
[pid  5110] write(1, "passing fd 10\n", 14 <unfinished ...>
[pid  5114] <... shutdown resumed> )    = -1 ENOTCONN (Transport endpoint is not connected)
[pid  5110] <... write resumed> )       = 14
[pid  5114] close(6 <unfinished ...>
[pid  5110] sendmsg(3, {msg_name(0)=NULL, msg_iov(1)=[{"1", 1}], msg_controllen=24, {cmsg_len=20, cmsg_level=SOL_SOCKET, cmsg_type=SCM_RIGHTS, {10}}, msg_flags=MSG_OOB}, 0 <unfinished ...>
[pid  5114] <... close resumed> )       = 0
[pid  5110] <... sendmsg resumed> )     = 1
[pid  5114] shutdown(6, SHUT_RDWR <unfinished ...>
[pid  5110] epoll_ctl(8, EPOLL_CTL_DEL, 14, {EPOLLIN|EPOLLHUP|EPOLLRDHUP, {u32=14, u64=27130793012756494}} <unfinished ...>
[pid  5114] <... shutdown resumed> )    = -1 EBADF (Bad file descriptor)
[pid  5110] <... epoll_ctl resumed> )   = 0
[pid  5114] close(6 <unfinished ...>
[pid  5110] shutdown(14, SHUT_RDWR <unfinished ...>
[pid  5114] <... close resumed> )       = -1 EBADF (Bad file descriptor)
[pid  5110] <... shutdown resumed> )    = -1 ENOTCONN (Transport endpoint is not connected)
[pid  5114] recvmsg(7,  <unfinished ...>
[pid  5110] close(14 <unfinished ...>
[pid  5114] <... recvmsg resumed> {msg_name(0)=NULL, msg_iov(1)=[{"1", 16}], msg_controllen=24, {cmsg_len=20, cmsg_level=SOL_SOCKET, cmsg_type=SCM_RIGHTS, {6}}, msg_flags=0}, 0) = 1
[pid  5110] <... close resumed> )       = 0
[pid  5114] write(1, "received fd 6\n", 14 <unfinished ...>
[pid  5110] epoll_wait(8,  <unfinished ...>
[pid  5114] <... write resumed> )       = 14
[pid  5110] <... epoll_wait resumed> {{EPOLLIN, {u32=7, u64=18078019860037639}}, {EPOLLIN, {u32=13, u64=27130793012756493}}, {EPOLLIN, {u32=15, u64=27130793012756495}}, {EPOLLIN, {u32=16, u64=27130793012756496}}, {EPOLLIN, {u32=9, u64=27130793012756489}}, {EPOLLIN, {u32=10, u64=27130793012756490}}, {EPOLLIN, {u32=12, u64=27130793012756492}}, {EPOLLIN|EPOLLHUP|EPOLLRDHUP, {u32=11, u64=27130793012756491}}}, 32, -1) = 8
[pid  5114] recvfrom(6,  <unfinished ...>
[pid  5110] accept(7,  <unfinished ...>
[pid  5114] <... recvfrom resumed> "GET / HTTP/1.0\r\nHost: 127.0.0.1:"..., 99999, MSG_NOSIGNAL, NULL, NULL) = 83
[pid  5110] <... accept resumed> 0, NULL) = 14
[pid  5114] write(1, "GET / HTTP/1.0\r\nHost: 127.0.0.1:"..., 83 <unfinished ...>
[pid  5110] fcntl(14, F_GETFL <unfinished ...>
[pid  5113] <... close resumed> )       = -1 EBADF (Bad file descriptor)
[pid  5110] <... fcntl resumed> )       = 0x2 (flags O_RDWR)
[pid  5114] <... write resumed> )       = 83
[pid  5110] fcntl(14, F_SETFL, O_RDWR|O_NONBLOCK <unfinished ...>
[pid  5114] write(1, "reqline 1 /\n", 12 <unfinished ...>
[pid  5110] <... fcntl resumed> )       = 0
[pid  5113] recvmsg(6,  <unfinished ...>
[pid  5110] epoll_ctl(8, EPOLL_CTL_ADD, 14, {EPOLLIN|EPOLLRDHUP, {u32=14, u64=27130793012756494}} <unfinished ...>
[pid  5114] <... write resumed> )       = 12
[pid  5110] <... epoll_ctl resumed> )   = 0
[pid  5114] write(1, "reqline 2 HTTP/1.0\r\n", 20 <unfinished ...>
[pid  5110] write(1, "passing fd 13\n", 14 <unfinished ...>
[pid  5113] <... recvmsg resumed> {msg_name(0)=NULL, msg_iov(1)=[{"1", 16}], msg_controllen=24, {cmsg_len=20, cmsg_level=SOL_SOCKET, cmsg_type=SCM_RIGHTS, {5}}, msg_flags=0}, 0) = 1
[pid  5110] <... write resumed> )       = 14
[pid  5114] <... write resumed> )       = 20
[pid  5113] write(1, "received fd 5\n", 14 <unfinished ...>
[pid  5112] <... shutdown resumed> )    = -1 ENOTCONN (Transport endpoint is not connected)
[pid  5111] write(1, "reqline 1 /\n", 12 <unfinished ...>
[pid  5112] close(4 <unfinished ...>
[pid  5110] sendmsg(4, {msg_name(0)=NULL, msg_iov(1)=[{"1", 1}], msg_controllen=24, {cmsg_len=20, cmsg_level=SOL_SOCKET, cmsg_type=SCM_RIGHTS, {13}}, msg_flags=MSG_OOB}, 0 <unfinished ...>
[pid  5114] write(1, "file: /home/misha/web_server//in"..., 41 <unfinished ...>
[pid  5110] <... sendmsg resumed> )     = 1
[pid  5113] <... write resumed> )       = 14
[pid  5110] write(1, "passing fd 15\n", 14 <unfinished ...>
[pid  5114] <... write resumed> )       = 41
[pid  5110] <... write resumed> )       = 14
[pid  5114] open("/home/misha/web_server//index.html", O_RDONLY <unfinished ...>
[pid  5110] sendmsg(5, {msg_name(0)=NULL, msg_iov(1)=[{"1", 1}], msg_controllen=24, {cmsg_len=20, cmsg_level=SOL_SOCKET, cmsg_type=SCM_RIGHTS, {15}}, msg_flags=MSG_OOB}, 0 <unfinished ...>
[pid  5114] <... open resumed> )        = 35
[pid  5110] <... sendmsg resumed> )     = 1
[pid  5114] sendto(6, "HTTP/1.0 200 OK\n\n", 17, 0, NULL, 0 <unfinished ...>
[pid  5110] write(1, "passing fd 16\n", 14 <unfinished ...>
[pid  5113] recvfrom(5,  <unfinished ...>
[pid  5114] <... sendto resumed> )      = 17
[pid  5110] <... write resumed> )       = 14
[pid  5114] read(35,  <unfinished ...>
[pid  5110] sendmsg(6, {msg_name(0)=NULL, msg_iov(1)=[{"1", 1}], msg_controllen=24, {cmsg_len=20, cmsg_level=SOL_SOCKET, cmsg_type=SCM_RIGHTS, {16}}, msg_flags=MSG_OOB}, 0 <unfinished ...>
[pid  5114] <... read resumed> "<html> \n     <head> \n          <"..., 1024) = 757
[pid  5110] <... sendmsg resumed> )     = 1
[pid  5114] write(6, "<html> \n     <head> \n          <"..., 757 <unfinished ...>
[pid  5110] write(1, "passing fd 9\n", 13 <unfinished ...>
[pid  5113] <... recvfrom resumed> "", 99999, MSG_NOSIGNAL, NULL, NULL) = 0
[pid  5110] <... write resumed> )       = 13
[pid  5114] <... write resumed> )       = 757
[pid  5110] sendmsg(3, {msg_name(0)=NULL, msg_iov(1)=[{"1", 1}], msg_controllen=24, {cmsg_len=20, cmsg_level=SOL_SOCKET, cmsg_type=SCM_RIGHTS, {9}}, msg_flags=MSG_OOB}, 0 <unfinished ...>
[pid  5114] read(35,  <unfinished ...>
[pid  5110] <... sendmsg resumed> )     = 1
[pid  5114] <... read resumed> "", 1024) = 0
[pid  5110] write(1, "passing fd 10\n", 14 <unfinished ...>
[pid  5114] shutdown(6, SHUT_RDWR <unfinished ...>
[pid  5110] <... write resumed> )       = 14
[pid  5113] shutdown(5, SHUT_RDWR <unfinished ...>
[pid  5110] sendmsg(4, {msg_name(0)=NULL, msg_iov(1)=[{"1", 1}], msg_controllen=24, {cmsg_len=20, cmsg_level=SOL_SOCKET, cmsg_type=SCM_RIGHTS, {10}}, msg_flags=MSG_OOB}, 0 <unfinished ...>
[pid  5114] <... shutdown resumed> )    = 0
[pid  5110] <... sendmsg resumed> )     = 1
[pid  5114] close(6 <unfinished ...>
[pid  5110] write(1, "passing fd 12\n", 14 <unfinished ...>
[pid  5114] <... close resumed> )       = 0
[pid  5110] <... write resumed> )       = 14
[pid  5114] recvmsg(7,  <unfinished ...>
[pid  5110] sendmsg(5, {msg_name(0)=NULL, msg_iov(1)=[{"1", 1}], msg_controllen=24, {cmsg_len=20, cmsg_level=SOL_SOCKET, cmsg_type=SCM_RIGHTS, {12}}, msg_flags=MSG_OOB}, 0 <unfinished ...>
[pid  5114] <... recvmsg resumed> {msg_name(0)=NULL, msg_iov(1)=[{"1", 16}], msg_controllen=24, {cmsg_len=20, cmsg_level=SOL_SOCKET, cmsg_type=SCM_RIGHTS, {6}}, msg_flags=0}, 0) = 1
[pid  5110] <... sendmsg resumed> )     = 1
[pid  5114] write(1, "received fd 6\n", 14 <unfinished ...>
[pid  5110] epoll_ctl(8, EPOLL_CTL_DEL, 11, {EPOLLIN|EPOLLHUP|EPOLLRDHUP, {u32=11, u64=27130793012756491}} <unfinished ...>
[pid  5114] <... write resumed> )       = 14
[pid  5110] <... epoll_ctl resumed> )   = 0
[pid  5114] recvfrom(6,  <unfinished ...>
[pid  5110] shutdown(11, SHUT_RDWR <unfinished ...>
[pid  5114] <... recvfrom resumed> "GET / HTTP/1.0\r\nHost: 127.0.0.1:"..., 99999, MSG_NOSIGNAL, NULL, NULL) = 83
[pid  5110] <... shutdown resumed> )    = -1 ENOTCONN (Transport endpoint is not connected)
[pid  5114] write(1, "GET / HTTP/1.0\r\nHost: 127.0.0.1:"..., 83 <unfinished ...>
[pid  5110] close(11 <unfinished ...>
[pid  5113] <... shutdown resumed> )    = -1 ENOTCONN (Transport endpoint is not connected)
[pid  5110] <... close resumed> )       = 0
[pid  5114] <... write resumed> )       = 83
[pid  5110] epoll_wait(8,  <unfinished ...>
[pid  5114] write(1, "reqline 1 /\n", 12 <unfinished ...>
[pid  5110] <... epoll_wait resumed> {{EPOLLIN, {u32=7, u64=18078019860037639}}, {EPOLLIN|EPOLLHUP|EPOLLRDHUP, {u32=13, u64=27130793012756493}}, {EPOLLIN, {u32=15, u64=27130793012756495}}, {EPOLLIN, {u32=16, u64=27130793012756496}}, {EPOLLIN, {u32=10, u64=27130793012756490}}, {EPOLLIN, {u32=12, u64=27130793012756492}}, {EPOLLIN, {u32=14, u64=27130793012756494}}}, 32, -1) = 7
[pid  5114] <... write resumed> )       = 12
[pid  5110] accept(7,  <unfinished ...>
[pid  5114] write(1, "reqline 2 HTTP/1.0\r\n", 20 <unfinished ...>
[pid  5110] <... accept resumed> 0, NULL) = 11
[pid  5113] close(5 <unfinished ...>
[pid  5110] fcntl(11, F_GETFL <unfinished ...>
[pid  5114] <... write resumed> )       = 20
[pid  5110] <... fcntl resumed> )       = 0x2 (flags O_RDWR)
[pid  5114] write(1, "file: /home/misha/web_server//in"..., 41 <unfinished ...>
[pid  5110] fcntl(11, F_SETFL, O_RDWR|O_NONBLOCK <unfinished ...>
[pid  5113] <... close resumed> )       = 0
[pid  5110] <... fcntl resumed> )       = 0
[pid  5114] <... write resumed> )       = 41
[pid  5110] epoll_ctl(8, EPOLL_CTL_ADD, 11, {EPOLLIN|EPOLLRDHUP, {u32=11, u64=27130793012756491}} <unfinished ...>
[pid  5114] open("/home/misha/web_server//index.html", O_RDONLY <unfinished ...>
[pid  5110] <... epoll_ctl resumed> )   = 0
[pid  5114] <... open resumed> )        = 36
[pid  5110] epoll_ctl(8, EPOLL_CTL_DEL, 13, {EPOLLIN|EPOLLHUP|EPOLLRDHUP, {u32=13, u64=27130793012756493}} <unfinished ...>
[pid  5114] sendto(6, "HTTP/1.0 200 OK\n\n", 17, 0, NULL, 0 <unfinished ...>
[pid  5110] <... epoll_ctl resumed> )   = 0
[pid  5113] shutdown(5, SHUT_RDWR <unfinished ...>
[pid  5112] <... close resumed> )       = 0
[pid  5110] shutdown(13, SHUT_RDWR <unfinished ...>
[pid  5114] <... sendto resumed> )      = 17
[pid  5110] <... shutdown resumed> )    = -1 ENOTCONN (Transport endpoint is not connected)
[pid  5114] read(36,  <unfinished ...>
[pid  5110] close(13 <unfinished ...>
[pid  5114] <... read resumed> "<html> \n     <head> \n          <"..., 1024) = 757
[pid  5110] <... close resumed> )       = 0
[pid  5114] write(6, "<html> \n     <head> \n          <"..., 757 <unfinished ...>
[pid  5110] write(1, "passing fd 15\n", 14 <unfinished ...>
[pid  5113] <... shutdown resumed> )    = -1 EBADF (Bad file descriptor)
[pid  5114] <... write resumed> )       = 757
[pid  5110] <... write resumed> )       = 14
[pid  5114] read(36,  <unfinished ...>
[pid  5110] sendmsg(6, {msg_name(0)=NULL, msg_iov(1)=[{"1", 1}], msg_controllen=24, {cmsg_len=20, cmsg_level=SOL_SOCKET, cmsg_type=SCM_RIGHTS, {15}}, msg_flags=MSG_OOB}, 0 <unfinished ...>
[pid  5114] <... read resumed> "", 1024) = 0
[pid  5110] <... sendmsg resumed> )     = 1
[pid  5114] shutdown(6, SHUT_RDWR <unfinished ...>
[pid  5110] write(1, "passing fd 16\n", 14 <unfinished ...>
[pid  5113] close(5 <unfinished ...>
[pid  5114] <... shutdown resumed> )    = 0
[pid  5110] <... write resumed> )       = 14
[pid  5114] close(6 <unfinished ...>
[pid  5110] sendmsg(3, {msg_name(0)=NULL, msg_iov(1)=[{"1", 1}], msg_controllen=24, {cmsg_len=20, cmsg_level=SOL_SOCKET, cmsg_type=SCM_RIGHTS, {16}}, msg_flags=MSG_OOB}, 0 <unfinished ...>
[pid  5114] <... close resumed> )       = 0
[pid  5110] <... sendmsg resumed> )     = 1
[pid  5114] recvmsg(7,  <unfinished ...>
[pid  5110] write(1, "passing fd 10\n", 14 <unfinished ...>
[pid  5114] <... recvmsg resumed> {msg_name(0)=NULL, msg_iov(1)=[{"1", 16}], msg_controllen=24, {cmsg_len=20, cmsg_level=SOL_SOCKET, cmsg_type=SCM_RIGHTS, {6}}, msg_flags=0}, 0) = 1
[pid  5110] <... write resumed> )       = 14
[pid  5114] write(1, "received fd 6\n", 14 <unfinished ...>
[pid  5110] sendmsg(4, {msg_name(0)=NULL, msg_iov(1)=[{"1", 1}], msg_controllen=24, {cmsg_len=20, cmsg_level=SOL_SOCKET, cmsg_type=SCM_RIGHTS, {10}}, msg_flags=MSG_OOB}, 0 <unfinished ...>
[pid  5114] <... write resumed> )       = 14
[pid  5110] <... sendmsg resumed> )     = 1
[pid  5114] recvfrom(6,  <unfinished ...>
[pid  5110] write(1, "passing fd 12\n", 14 <unfinished ...>
[pid  5114] <... recvfrom resumed> "", 99999, MSG_NOSIGNAL, NULL, NULL) = 0
[pid  5113] <... close resumed> )       = -1 EBADF (Bad file descriptor)
[pid  5110] <... write resumed> )       = 14
[pid  5114] shutdown(6, SHUT_RDWR <unfinished ...>
[pid  5110] sendmsg(5, {msg_name(0)=NULL, msg_iov(1)=[{"1", 1}], msg_controllen=24, {cmsg_len=20, cmsg_level=SOL_SOCKET, cmsg_type=SCM_RIGHTS, {12}}, msg_flags=MSG_OOB}, 0 <unfinished ...>
[pid  5114] <... shutdown resumed> )    = -1 ENOTCONN (Transport endpoint is not connected)
[pid  5110] <... sendmsg resumed> )     = 1
[pid  5114] close(6 <unfinished ...>
[pid  5110] write(1, "passing fd 14\n", 14 <unfinished ...>
[pid  5114] <... close resumed> )       = 0
[pid  5113] recvmsg(6,  <unfinished ...>
[pid  5110] <... write resumed> )       = 14
[pid  5114] shutdown(6, SHUT_RDWR <unfinished ...>
[pid  5110] sendmsg(6, {msg_name(0)=NULL, msg_iov(1)=[{"1", 1}], msg_controllen=24, {cmsg_len=20, cmsg_level=SOL_SOCKET, cmsg_type=SCM_RIGHTS, {14}}, msg_flags=MSG_OOB}, 0 <unfinished ...>
[pid  5114] <... shutdown resumed> )    = -1 EBADF (Bad file descriptor)
[pid  5110] <... sendmsg resumed> )     = 1
[pid  5114] close(6 <unfinished ...>
[pid  5110] epoll_wait(8,  <unfinished ...>
[pid  5114] <... close resumed> )       = -1 EBADF (Bad file descriptor)
[pid  5110] <... epoll_wait resumed> {{EPOLLIN, {u32=7, u64=18078019860037639}}, {EPOLLIN, {u32=15, u64=27130793012756495}}, {EPOLLIN, {u32=16, u64=27130793012756496}}, {EPOLLIN, {u32=10, u64=27130793012756490}}, {EPOLLIN, {u32=12, u64=27130793012756492}}, {EPOLLIN, {u32=14, u64=27130793012756494}}, {EPOLLIN, {u32=11, u64=27130793012756491}}, {EPOLLIN|EPOLLHUP|EPOLLRDHUP, {u32=9, u64=27130793012756489}}}, 32, -1) = 8
[pid  5114] recvmsg(7,  <unfinished ...>
[pid  5110] accept(7,  <unfinished ...>
[pid  5114] <... recvmsg resumed> {msg_name(0)=NULL, msg_iov(1)=[{"1", 16}], msg_controllen=24, {cmsg_len=20, cmsg_level=SOL_SOCKET, cmsg_type=SCM_RIGHTS, {6}}, msg_flags=0}, 0) = 1
[pid  5110] <... accept resumed> 0, NULL) = 13
[pid  5114] write(1, "received fd 6\n", 14 <unfinished ...>
[pid  5110] fcntl(13, F_GETFL <unfinished ...>
[pid  5113] <... recvmsg resumed> {msg_name(0)=NULL, msg_iov(1)=[{"1", 16}], msg_controllen=24, {cmsg_len=20, cmsg_level=SOL_SOCKET, cmsg_type=SCM_RIGHTS, {5}}, msg_flags=0}, 0) = 1
[pid  5110] <... fcntl resumed> )       = 0x2 (flags O_RDWR)
[pid  5114] <... write resumed> )       = 14
[pid  5110] fcntl(13, F_SETFL, O_RDWR|O_NONBLOCK <unfinished ...>
[pid  5113] write(1, "received fd 5\n", 14 <unfinished ...>
[pid  5110] <... fcntl resumed> )       = 0
[pid  5114] recvfrom(6,  <unfinished ...>
[pid  5110] epoll_ctl(8, EPOLL_CTL_ADD, 13, {EPOLLIN|EPOLLRDHUP, {u32=13, u64=27130793012756493}} <unfinished ...>
[pid  5114] <... recvfrom resumed> "GET / HTTP/1.0\r\nHost: 127.0.0.1:"..., 99999, MSG_NOSIGNAL, NULL, NULL) = 83
[pid  5110] <... epoll_ctl resumed> )   = 0
[pid  5114] write(1, "GET / HTTP/1.0\r\nHost: 127.0.0.1:"..., 83 <unfinished ...>
[pid  5110] write(1, "passing fd 15\n", 14 <unfinished ...>
[pid  5113] <... write resumed> )       = 14
[pid  5112] shutdown(4, SHUT_RDWR <unfinished ...>
[pid  5111] <... write resumed> )       = 12
[pid  5113] recvfrom(5,  <unfinished ...>
[pid  5112] <... shutdown resumed> )    = -1 EBADF (Bad file descriptor)
[pid  5110] <... write resumed> )       = 14
[pid  5114] <... write resumed> )       = 83
[pid  5110] sendmsg(3, {msg_name(0)=NULL, msg_iov(1)=[{"1", 1}], msg_controllen=24, {cmsg_len=20, cmsg_level=SOL_SOCKET, cmsg_type=SCM_RIGHTS, {15}}, msg_flags=MSG_OOB}, 0 <unfinished ...>
[pid  5114] write(1, "reqline 1 /\n", 12 <unfinished ...>
[pid  5110] <... sendmsg resumed> )     = 1
[pid  5113] <... recvfrom resumed> "", 99999, MSG_NOSIGNAL, NULL, NULL) = 0
[pid  5110] write(1, "passing fd 16\n", 14 <unfinished ...>
[pid  5114] <... write resumed> )       = 12
[pid  5110] <... write resumed> )       = 14
[pid  5114] write(1, "reqline 2 HTTP/1.0\r\n", 20 <unfinished ...>
[pid  5110] sendmsg(4, {msg_name(0)=NULL, msg_iov(1)=[{"1", 1}], msg_controllen=24, {cmsg_len=20, cmsg_level=SOL_SOCKET, cmsg_type=SCM_RIGHTS, {16}}, msg_flags=MSG_OOB}, 0 <unfinished ...>
[pid  5114] <... write resumed> )       = 20
[pid  5110] <... sendmsg resumed> )     = 1
[pid  5114] write(1, "file: /home/misha/web_server//in"..., 41 <unfinished ...>
[pid  5110] write(1, "passing fd 10\n", 14 <unfinished ...>
[pid  5113] shutdown(5, SHUT_RDWR <unfinished ...>
[pid  5110] <... write resumed> )       = 14
[pid  5114] <... write resumed> )       = 41
[pid  5110] sendmsg(5, {msg_name(0)=NULL, msg_iov(1)=[{"1", 1}], msg_controllen=24, {cmsg_len=20, cmsg_level=SOL_SOCKET, cmsg_type=SCM_RIGHTS, {10}}, msg_flags=MSG_OOB}, 0 <unfinished ...>
[pid  5114] open("/home/misha/web_server//index.html", O_RDONLY <unfinished ...>
[pid  5110] <... sendmsg resumed> )     = 1
[pid  5114] <... open resumed> )        = 37
[pid  5110] write(1, "passing fd 12\n", 14 <unfinished ...>
[pid  5114] sendto(6, "HTTP/1.0 200 OK\n\n", 17, 0, NULL, 0 <unfinished ...>
[pid  5110] <... write resumed> )       = 14
[pid  5113] <... shutdown resumed> )    = -1 ENOTCONN (Transport endpoint is not connected)
[pid  5110] sendmsg(6, {msg_name(0)=NULL, msg_iov(1)=[{"1", 1}], msg_controllen=24, {cmsg_len=20, cmsg_level=SOL_SOCKET, cmsg_type=SCM_RIGHTS, {12}}, msg_flags=MSG_OOB}, 0 <unfinished ...>
[pid  5114] <... sendto resumed> )      = 17
[pid  5110] <... sendmsg resumed> )     = 1
[pid  5114] read(37,  <unfinished ...>
[pid  5110] write(1, "passing fd 14\n", 14 <unfinished ...>
[pid  5114] <... read resumed> "<html> \n     <head> \n          <"..., 1024) = 757
[pid  5113] close(5 <unfinished ...>
[pid  5110] <... write resumed> )       = 14
[pid  5114] write(6, "<html> \n     <head> \n          <"..., 757 <unfinished ...>
[pid  5110] sendmsg(3, {msg_name(0)=NULL, msg_iov(1)=[{"1", 1}], msg_controllen=24, {cmsg_len=20, cmsg_level=SOL_SOCKET, cmsg_type=SCM_RIGHTS, {14}}, msg_flags=MSG_OOB}, 0 <unfinished ...>
[pid  5113] <... close resumed> )       = 0
[pid  5110] <... sendmsg resumed> )     = 1
[pid  5114] <... write resumed> )       = 757
[pid  5110] write(1, "passing fd 11\n", 14 <unfinished ...>
[pid  5114] read(37,  <unfinished ...>
[pid  5113] shutdown(5, SHUT_RDWR <unfinished ...>
[pid  5110] <... write resumed> )       = 14
[pid  5114] <... read resumed> "", 1024) = 0
[pid  5110] sendmsg(4, {msg_name(0)=NULL, msg_iov(1)=[{"1", 1}], msg_controllen=24, {cmsg_len=20, cmsg_level=SOL_SOCKET, cmsg_type=SCM_RIGHTS, {11}}, msg_flags=MSG_OOB}, 0 <unfinished ...>
[pid  5114] shutdown(6, SHUT_RDWR <unfinished ...>
[pid  5110] <... sendmsg resumed> )     = 1
[pid  5113] <... shutdown resumed> )    = -1 EBADF (Bad file descriptor)
[pid  5110] epoll_ctl(8, EPOLL_CTL_DEL, 9, {EPOLLIN|EPOLLHUP|EPOLLRDHUP, {u32=9, u64=27130793012756489}} <unfinished ...>
[pid  5114] <... shutdown resumed> )    = 0
[pid  5110] <... epoll_ctl resumed> )   = 0
[pid  5114] close(6 <unfinished ...>
[pid  5110] shutdown(9, SHUT_RDWR <unfinished ...>
[pid  5114] <... close resumed> )       = 0
[pid  5110] <... shutdown resumed> )    = -1 ENOTCONN (Transport endpoint is not connected)
[pid  5113] close(5 <unfinished ...>
[pid  5112] close(4 <unfinished ...>
[pid  5111] write(1, "reqline 2 HTTP/1.0\r\n", 20 <unfinished ...>
[pid  5112] <... close resumed> )       = -1 EBADF (Bad file descriptor)
[pid  5112] recvmsg(5,  <unfinished ...>
[pid  5111] <... write resumed> )       = 20
[pid  5112] <... recvmsg resumed> {msg_name(0)=NULL, msg_iov(1)=[{"1", 16}], msg_controllen=24, {cmsg_len=20, cmsg_level=SOL_SOCKET, cmsg_type=SCM_RIGHTS, {4}}, msg_flags=0}, 0) = 1
[pid  5111] write(1, "file: /home/misha/web_server//in"..., 41 <unfinished ...>
[pid  5112] write(1, "received fd 4\n", 14) = 14
[pid  5112] recvfrom(4, "", 99999, MSG_NOSIGNAL, NULL, NULL) = 0
[pid  5112] shutdown(4, SHUT_RDWR)      = -1 ENOTCONN (Transport endpoint is not connected)
[pid  5112] close(4)                    = 0
[pid  5112] shutdown(4, SHUT_RDWR)      = -1 EBADF (Bad file descriptor)
[pid  5112] close(4)                    = -1 EBADF (Bad file descriptor)
[pid  5112] recvmsg(5, {msg_name(0)=NULL, msg_iov(1)=[{"1", 16}], msg_controllen=24, {cmsg_len=20, cmsg_level=SOL_SOCKET, cmsg_type=SCM_RIGHTS, {4}}, msg_flags=0}, 0) = 1
[pid  5112] write(1, "received fd 4\n", 14) = 14
[pid  5110] close(9 <unfinished ...>
[pid  5113] <... close resumed> )       = -1 EBADF (Bad file descriptor)
[pid  5110] <... close resumed> )       = 0
[pid  5113] recvmsg(6,  <unfinished ...>
[pid  5110] epoll_wait(8,  <unfinished ...>
[pid  5113] <... recvmsg resumed> {msg_name(0)=NULL, msg_iov(1)=[{"1", 16}], msg_controllen=24, {cmsg_len=20, cmsg_level=SOL_SOCKET, cmsg_type=SCM_RIGHTS, {5}}, msg_flags=0}, 0) = 1
[pid  5110] <... epoll_wait resumed> {{EPOLLIN, {u32=7, u64=18078019860037639}}, {EPOLLIN, {u32=15, u64=27130793012756495}}, {EPOLLIN|EPOLLHUP|EPOLLRDHUP, {u32=16, u64=27130793012756496}}, {EPOLLIN, {u32=10, u64=27130793012756490}}, {EPOLLIN, {u32=12, u64=27130793012756492}}, {EPOLLIN, {u32=14, u64=27130793012756494}}, {EPOLLIN, {u32=11, u64=27130793012756491}}, {EPOLLIN, {u32=13, u64=27130793012756493}}}, 32, -1) = 8
[pid  5113] write(1, "received fd 5\n", 14 <unfinished ...>
[pid  5110] accept(7,  <unfinished ...>
[pid  5113] <... write resumed> )       = 14
[pid  5110] <... accept resumed> 0, NULL) = 9
[pid  5112] recvfrom(4,  <unfinished ...>
[pid  5110] fcntl(9, F_GETFL <unfinished ...>
[pid  5113] recvfrom(5,  <unfinished ...>
[pid  5110] <... fcntl resumed> )       = 0x2 (flags O_RDWR)
[pid  5113] <... recvfrom resumed> "", 99999, MSG_NOSIGNAL, NULL, NULL) = 0
[pid  5110] fcntl(9, F_SETFL, O_RDWR|O_NONBLOCK <unfinished ...>
[pid  5113] shutdown(5, SHUT_RDWR <unfinished ...>
[pid  5110] <... fcntl resumed> )       = 0
[pid  5113] <... shutdown resumed> )    = -1 ENOTCONN (Transport endpoint is not connected)
[pid  5110] epoll_ctl(8, EPOLL_CTL_ADD, 9, {EPOLLIN|EPOLLRDHUP, {u32=9, u64=27130793012756489}} <unfinished ...>
[pid  5113] close(5 <unfinished ...>
[pid  5110] <... epoll_ctl resumed> )   = 0
[pid  5113] <... close resumed> )       = 0
[pid  5110] write(1, "passing fd 15\n", 14 <unfinished ...>
[pid  5113] shutdown(5, SHUT_RDWR <unfinished ...>
[pid  5110] <... write resumed> )       = 14
[pid  5113] <... shutdown resumed> )    = -1 EBADF (Bad file descriptor)
[pid  5110] sendmsg(5, {msg_name(0)=NULL, msg_iov(1)=[{"1", 1}], msg_controllen=24, {cmsg_len=20, cmsg_level=SOL_SOCKET, cmsg_type=SCM_RIGHTS, {15}}, msg_flags=MSG_OOB}, 0 <unfinished ...>
[pid  5113] close(5 <unfinished ...>
[pid  5110] <... sendmsg resumed> )     = 1
[pid  5113] <... close resumed> )       = -1 EBADF (Bad file descriptor)
[pid  5110] epoll_ctl(8, EPOLL_CTL_DEL, 16, {EPOLLIN|EPOLLHUP|EPOLLRDHUP, {u32=16, u64=27130793012756496}} <unfinished ...>
[pid  5113] recvmsg(6,  <unfinished ...>
[pid  5110] <... epoll_ctl resumed> )   = 0
[pid  5114] recvmsg(7,  <unfinished ...>
[pid  5110] shutdown(16, SHUT_RDWR <unfinished ...>
[pid  5113] <... recvmsg resumed> {msg_name(0)=NULL, msg_iov(1)=[{"1", 16}], msg_controllen=24, {cmsg_len=20, cmsg_level=SOL_SOCKET, cmsg_type=SCM_RIGHTS, {5}}, msg_flags=0}, 0) = 1
[pid  5110] <... shutdown resumed> )    = -1 ENOTCONN (Transport endpoint is not connected)
[pid  5114] <... recvmsg resumed> {msg_name(0)=NULL, msg_iov(1)=[{"1", 16}], msg_controllen=24, {cmsg_len=20, cmsg_level=SOL_SOCKET, cmsg_type=SCM_RIGHTS, {6}}, msg_flags=0}, 0) = 1
[pid  5110] close(16 <unfinished ...>
[pid  5114] write(1, "received fd 6\n", 14 <unfinished ...>
[pid  5110] <... close resumed> )       = 0
[pid  5113] write(1, "received fd 5\n", 14 <unfinished ...>
[pid  5114] <... write resumed> )       = 14
[pid  5112] <... recvfrom resumed> "", 99999, MSG_NOSIGNAL, NULL, NULL) = 0
[pid  5111] <... write resumed> )       = 41
[pid  5114] recvfrom(6,  <unfinished ...>
[pid  5112] shutdown(4, SHUT_RDWR <unfinished ...>
[pid  5114] <... recvfrom resumed> "GET / HTTP/1.0\r\nHost: 127.0.0.1:"..., 99999, MSG_NOSIGNAL, NULL, NULL) = 83
[pid  5111] open("/home/misha/web_server//index.html", O_RDONLY <unfinished ...>
[pid  5110] write(1, "passing fd 10\n", 14 <unfinished ...>
[pid  5114] write(1, "GET / HTTP/1.0\r\nHost: 127.0.0.1:"..., 83 <unfinished ...>
[pid  5113] <... write resumed> )       = 14
[pid  5112] <... shutdown resumed> )    = -1 ENOTCONN (Transport endpoint is not connected)
[pid  5111] <... open resumed> )        = 6
[pid  5113] recvfrom(5,  <unfinished ...>
[pid  5112] close(4 <unfinished ...>
[pid  5111] sendto(3, "HTTP/1.0 200 OK\n\n", 17, 0, NULL, 0 <unfinished ...>
[pid  5114] <... write resumed> )       = 83
[pid  5113] <... recvfrom resumed> "", 99999, MSG_NOSIGNAL, NULL, NULL) = 0
[pid  5110] <... write resumed> )       = 14
[pid  5114] write(1, "reqline 1 /\n", 12 <unfinished ...>
[pid  5110] sendmsg(6, {msg_name(0)=NULL, msg_iov(1)=[{"1", 1}], msg_controllen=24, {cmsg_len=20, cmsg_level=SOL_SOCKET, cmsg_type=SCM_RIGHTS, {10}}, msg_flags=MSG_OOB}, 0 <unfinished ...>
[pid  5114] <... write resumed> )       = 12
[pid  5113] shutdown(5, SHUT_RDWR <unfinished ...>
[pid  5114] write(1, "reqline 2 HTTP/1.0\r\n", 20 <unfinished ...>
[pid  5110] <... sendmsg resumed> )     = 1
[pid  5114] <... write resumed> )       = 20
[pid  5112] <... close resumed> )       = 0
[pid  5114] write(1, "file: /home/misha/web_server//in"..., 41 <unfinished ...>
[pid  5113] <... shutdown resumed> )    = -1 ENOTCONN (Transport endpoint is not connected)
[pid  5110] write(1, "passing fd 12\n", 14 <unfinished ...>
[pid  5114] <... write resumed> )       = 41
[pid  5112] shutdown(4, SHUT_RDWR <unfinished ...>
[pid  5114] open("/home/misha/web_server//index.html", O_RDONLY <unfinished ...>
[pid  5111] <... sendto resumed> )      = -1 EPIPE (Broken pipe)
[pid  5114] <... open resumed> )        = 38
[pid  5111] --- SIGPIPE {si_signo=SIGPIPE, si_code=SI_USER, si_pid=5111, si_uid=1000} ---
[pid  5114] sendto(6, "HTTP/1.0 200 OK\n\n", 17, 0, NULL, 0 <unfinished ...>
[pid  5110] <... write resumed> )       = 14
[pid  5110] sendmsg(3, {msg_name(0)=NULL, msg_iov(1)=[{"1", 1}], msg_controllen=24, {cmsg_len=20, cmsg_level=SOL_SOCKET, cmsg_type=SCM_RIGHTS, {12}}, msg_flags=MSG_OOB}, 0 <unfinished ...>
[pid  5113] close(5 <unfinished ...>
[pid  5110] <... sendmsg resumed> )     = 1
[pid  5113] <... close resumed> )       = 0
[pid  5110] write(1, "passing fd 14\n", 14 <unfinished ...>
[pid  5113] shutdown(5, SHUT_RDWR <unfinished ...>
[pid  5110] <... write resumed> )       = 14
[pid  5113] <... shutdown resumed> )    = -1 EBADF (Bad file descriptor)
[pid  5110] sendmsg(4, {msg_name(0)=NULL, msg_iov(1)=[{"1", 1}], msg_controllen=24, {cmsg_len=20, cmsg_level=SOL_SOCKET, cmsg_type=SCM_RIGHTS, {14}}, msg_flags=MSG_OOB}, 0 <unfinished ...>
[pid  5112] <... shutdown resumed> )    = -1 EBADF (Bad file descriptor)
[pid  5110] <... sendmsg resumed> )     = 1
[pid  5112] close(4 <unfinished ...>
[pid  5110] write(1, "passing fd 11\n", 14 <unfinished ...>
[pid  5113] close(5 <unfinished ...>
[pid  5110] <... write resumed> )       = 14
[pid  5113] <... close resumed> )       = -1 EBADF (Bad file descriptor)
[pid  5110] sendmsg(5, {msg_name(0)=NULL, msg_iov(1)=[{"1", 1}], msg_controllen=24, {cmsg_len=20, cmsg_level=SOL_SOCKET, cmsg_type=SCM_RIGHTS, {11}}, msg_flags=MSG_OOB}, 0 <unfinished ...>
[pid  5113] recvmsg(6,  <unfinished ...>
[pid  5110] <... sendmsg resumed> )     = 1
[pid  5113] <... recvmsg resumed> {msg_name(0)=NULL, msg_iov(1)=[{"1", 16}], msg_controllen=24, {cmsg_len=20, cmsg_level=SOL_SOCKET, cmsg_type=SCM_RIGHTS, {5}}, msg_flags=0}, 0) = 1
[pid  5110] write(1, "passing fd 13\n", 14 <unfinished ...>
[pid  5113] write(1, "received fd 5\n", 14 <unfinished ...>
[pid  5110] <... write resumed> )       = 14
[pid  5113] <... write resumed> )       = 14
[pid  5110] sendmsg(6, {msg_name(0)=NULL, msg_iov(1)=[{"1", 1}], msg_controllen=24, {cmsg_len=20, cmsg_level=SOL_SOCKET, cmsg_type=SCM_RIGHTS, {13}}, msg_flags=MSG_OOB}, 0 <unfinished ...>
[pid  5113] recvfrom(5,  <unfinished ...>
[pid  5110] <... sendmsg resumed> )     = 1
[pid  5113] <... recvfrom resumed> "", 99999, MSG_NOSIGNAL, NULL, NULL) = 0
[pid  5110] epoll_wait(8,  <unfinished ...>
[pid  5113] shutdown(5, SHUT_RDWR <unfinished ...>
[pid  5110] <... epoll_wait resumed> {{EPOLLIN, {u32=7, u64=18078019860037639}}, {EPOLLIN, {u32=10, u64=27130793012756490}}, {EPOLLIN, {u32=12, u64=27130793012756492}}, {EPOLLIN, {u32=14, u64=27130793012756494}}, {EPOLLIN, {u32=11, u64=27130793012756491}}, {EPOLLIN, {u32=13, u64=27130793012756493}}, {EPOLLIN, {u32=9, u64=27130793012756489}}}, 32, -1) = 7
[pid  5113] <... shutdown resumed> )    = -1 ENOTCONN (Transport endpoint is not connected)
[pid  5110] accept(7,  <unfinished ...>
[pid  5113] close(5 <unfinished ...>
[pid  5110] <... accept resumed> 0, NULL) = 16
[pid  5113] <... close resumed> )       = 0
[pid  5110] fcntl(16, F_GETFL <unfinished ...>
[pid  5113] shutdown(5, SHUT_RDWR <unfinished ...>
[pid  5110] <... fcntl resumed> )       = 0x2 (flags O_RDWR)
[pid  5113] <... shutdown resumed> )    = -1 EBADF (Bad file descriptor)
[pid  5110] fcntl(16, F_SETFL, O_RDWR|O_NONBLOCK <unfinished ...>
[pid  5113] close(5 <unfinished ...>
[pid  5110] <... fcntl resumed> )       = 0
[pid  5113] <... close resumed> )       = -1 EBADF (Bad file descriptor)
[pid  5110] epoll_ctl(8, EPOLL_CTL_ADD, 16, {EPOLLIN|EPOLLRDHUP, {u32=16, u64=27130793012756496}} <unfinished ...>
[pid  5113] recvmsg(6,  <unfinished ...>
[pid  5110] <... epoll_ctl resumed> )   = 0
[pid  5113] <... recvmsg resumed> {msg_name(0)=NULL, msg_iov(1)=[{"1", 16}], msg_controllen=24, {cmsg_len=20, cmsg_level=SOL_SOCKET, cmsg_type=SCM_RIGHTS, {5}}, msg_flags=0}, 0) = 1
[pid  5110] write(1, "passing fd 10\n", 14 <unfinished ...>
[pid  5113] write(1, "received fd 5\n", 14 <unfinished ...>
[pid  5112] <... close resumed> )       = -1 EBADF (Bad file descriptor)
[pid  5112] recvmsg(5,  <unfinished ...>
[pid  5111] +++ killed by SIGPIPE +++
[pid  5114] <... sendto resumed> )      = 17
