execve("./server", ["./server"], [/* 79 vars */]) = 0
brk(0)                                  = 0x745000
access("/etc/ld.so.nohwcap", F_OK)      = -1 ENOENT (No such file or directory)
mmap(NULL, 8192, PROT_READ|PROT_WRITE, MAP_PRIVATE|MAP_ANONYMOUS, -1, 0) = 0x7f91504c1000
access("/etc/ld.so.preload", R_OK)      = -1 ENOENT (No such file or directory)
open("/etc/ld.so.cache", O_RDONLY|O_CLOEXEC) = 3
fstat(3, {st_mode=S_IFREG|0644, st_size=133010, ...}) = 0
mmap(NULL, 133010, PROT_READ, MAP_PRIVATE, 3, 0) = 0x7f91504a0000
close(3)                                = 0
access("/etc/ld.so.nohwcap", F_OK)      = -1 ENOENT (No such file or directory)
open("/usr/lib/x86_64-linux-gnu/libstdc++.so.6", O_RDONLY|O_CLOEXEC) = 3
read(3, "\177ELF\2\1\1\0\0\0\0\0\0\0\0\0\3\0>\0\1\0\0\0\200@\6\0\0\0\0\0"..., 832) = 832
fstat(3, {st_mode=S_IFREG|0644, st_size=1090072, ...}) = 0
mmap(NULL, 3198144, PROT_READ|PROT_EXEC, MAP_PRIVATE|MAP_DENYWRITE, 3, 0) = 0x7f914ff94000
mprotect(0x7f9150095000, 2097152, PROT_NONE) = 0
mmap(0x7f9150295000, 36864, PROT_READ|PROT_WRITE, MAP_PRIVATE|MAP_FIXED|MAP_DENYWRITE, 3, 0x101000) = 0x7f9150295000
mmap(0x7f915029e000, 11456, PROT_READ|PROT_WRITE, MAP_PRIVATE|MAP_FIXED|MAP_ANONYMOUS, -1, 0) = 0x7f915029e000
close(3)                                = 0
access("/etc/ld.so.nohwcap", F_OK)      = -1 ENOENT (No such file or directory)
open("/lib/x86_64-linux-gnu/libgcc_s.so.1", O_RDONLY|O_CLOEXEC) = 3
read(3, "\177ELF\2\1\1\0\0\0\0\0\0\0\0\0\3\0>\0\1\0\0\0\360*\0\0\0\0\0\0"..., 832) = 832
fstat(3, {st_mode=S_IFREG|0644, st_size=92504, ...}) = 0
mmap(NULL, 2188352, PROT_READ|PROT_EXEC, MAP_PRIVATE|MAP_DENYWRITE, 3, 0) = 0x7f914fd7d000
mprotect(0x7f914fd93000, 2093056, PROT_NONE) = 0
mmap(0x7f914ff92000, 8192, PROT_READ|PROT_WRITE, MAP_PRIVATE|MAP_FIXED|MAP_DENYWRITE, 3, 0x15000) = 0x7f914ff92000
close(3)                                = 0
access("/etc/ld.so.nohwcap", F_OK)      = -1 ENOENT (No such file or directory)
open("/lib/x86_64-linux-gnu/libc.so.6", O_RDONLY|O_CLOEXEC) = 3
read(3, "\177ELF\2\1\1\0\0\0\0\0\0\0\0\0\3\0>\0\1\0\0\0\320\37\2\0\0\0\0\0"..., 832) = 832
fstat(3, {st_mode=S_IFREG|0755, st_size=1840928, ...}) = 0
mmap(NULL, 4096, PROT_READ|PROT_WRITE, MAP_PRIVATE|MAP_ANONYMOUS, -1, 0) = 0x7f915049f000
mmap(NULL, 3949248, PROT_READ|PROT_EXEC, MAP_PRIVATE|MAP_DENYWRITE, 3, 0) = 0x7f914f9b8000
mprotect(0x7f914fb73000, 2093056, PROT_NONE) = 0
mmap(0x7f914fd72000, 24576, PROT_READ|PROT_WRITE, MAP_PRIVATE|MAP_FIXED|MAP_DENYWRITE, 3, 0x1ba000) = 0x7f914fd72000
mmap(0x7f914fd78000, 17088, PROT_READ|PROT_WRITE, MAP_PRIVATE|MAP_FIXED|MAP_ANONYMOUS, -1, 0) = 0x7f914fd78000
close(3)                                = 0
access("/etc/ld.so.nohwcap", F_OK)      = -1 ENOENT (No such file or directory)
open("/lib/x86_64-linux-gnu/libm.so.6", O_RDONLY|O_CLOEXEC) = 3
read(3, "\177ELF\2\1\1\0\0\0\0\0\0\0\0\0\3\0>\0\1\0\0\0\20V\0\0\0\0\0\0"..., 832) = 832
fstat(3, {st_mode=S_IFREG|0644, st_size=1071552, ...}) = 0
mmap(NULL, 3166568, PROT_READ|PROT_EXEC, MAP_PRIVATE|MAP_DENYWRITE, 3, 0) = 0x7f914f6b2000
mprotect(0x7f914f7b7000, 2093056, PROT_NONE) = 0
mmap(0x7f914f9b6000, 8192, PROT_READ|PROT_WRITE, MAP_PRIVATE|MAP_FIXED|MAP_DENYWRITE, 3, 0x104000) = 0x7f914f9b6000
close(3)                                = 0
mmap(NULL, 4096, PROT_READ|PROT_WRITE, MAP_PRIVATE|MAP_ANONYMOUS, -1, 0) = 0x7f915049e000
mmap(NULL, 8192, PROT_READ|PROT_WRITE, MAP_PRIVATE|MAP_ANONYMOUS, -1, 0) = 0x7f915049c000
arch_prctl(ARCH_SET_FS, 0x7f915049c780) = 0
mprotect(0x7f914fd72000, 16384, PROT_READ) = 0
mprotect(0x7f914f9b6000, 4096, PROT_READ) = 0
mprotect(0x7f914ff92000, 4096, PROT_READ) = 0
mmap(NULL, 4096, PROT_READ|PROT_WRITE, MAP_PRIVATE|MAP_ANONYMOUS, -1, 0) = 0x7f915049b000
mprotect(0x7f9150295000, 28672, PROT_READ) = 0
mprotect(0x605000, 4096, PROT_READ)     = 0
mprotect(0x7f91504c3000, 4096, PROT_READ) = 0
munmap(0x7f91504a0000, 133010)          = 0
brk(0)                                  = 0x745000
brk(0x777000)                           = 0x777000
open("/sys/devices/system/cpu/online", O_RDONLY|O_CLOEXEC) = 3
read(3, "0-3\n", 8192)                  = 4
close(3)                                = 0
getpid()                                = 22823
fstat(1, {st_mode=S_IFCHR|0620, st_rdev=makedev(136, 25), ...}) = 0
mmap(NULL, 4096, PROT_READ|PROT_WRITE, MAP_PRIVATE|MAP_ANONYMOUS, -1, 0) = 0x7f91504c0000
write(1, "pid my is = 22823\n", 18)     = 18
socketpair(PF_LOCAL, SOCK_STREAM, 0, [3, 4]) = 0
clone(Process 22824 attached
child_stack=0, flags=CLONE_CHILD_CLEARTID|CLONE_CHILD_SETTID|SIGCHLD, child_tidptr=0x7f915049ca50) = 22824
[pid 22823] close(4)                    = 0
[pid 22824] close(3)                    = 0
[pid 22823] write(1, "pid my is = 22823\n", 18 <unfinished ...>
[pid 22824] rt_sigprocmask(SIG_BLOCK, [CHLD],  <unfinished ...>
[pid 22823] <... write resumed> )       = 18
[pid 22823] socketpair(PF_LOCAL, SOCK_STREAM, 0 <unfinished ...>
[pid 22824] <... rt_sigprocmask resumed> [], 8) = 0
[pid 22823] <... socketpair resumed> , [4, 5]) = 0
[pid 22824] rt_sigaction(SIGCHLD, NULL,  <unfinished ...>
[pid 22823] clone( <unfinished ...>
[pid 22824] <... rt_sigaction resumed> {SIG_DFL, [], 0}, 8) = 0
[pid 22824] rt_sigprocmask(SIG_SETMASK, [], NULL, 8) = 0
[pid 22824] nanosleep({1, 0},  <unfinished ...>
[pid 22823] <... clone resumed> child_stack=0, flags=CLONE_CHILD_CLEARTID|CLONE_CHILD_SETTID|SIGCHLD, child_tidptr=0x7f915049ca50) = 22825
Process 22825 attached
[pid 22823] close(5)                    = 0
[pid 22825] close(4)                    = 0
[pid 22823] write(1, "pid my is = 22823\n", 18 <unfinished ...>
[pid 22825] rt_sigprocmask(SIG_BLOCK, [CHLD],  <unfinished ...>
[pid 22823] <... write resumed> )       = 18
[pid 22825] <... rt_sigprocmask resumed> [], 8) = 0
[pid 22823] socketpair(PF_LOCAL, SOCK_STREAM, 0 <unfinished ...>
[pid 22825] rt_sigaction(SIGCHLD, NULL,  <unfinished ...>
[pid 22823] <... socketpair resumed> , [5, 6]) = 0
[pid 22825] <... rt_sigaction resumed> {SIG_DFL, [], 0}, 8) = 0
[pid 22823] clone( <unfinished ...>
[pid 22825] rt_sigprocmask(SIG_SETMASK, [], NULL, 8) = 0
[pid 22825] nanosleep({1, 0}, Process 22826 attached
 <unfinished ...>
[pid 22823] <... clone resumed> child_stack=0, flags=CLONE_CHILD_CLEARTID|CLONE_CHILD_SETTID|SIGCHLD, child_tidptr=0x7f915049ca50) = 22826
[pid 22823] close(6 <unfinished ...>
[pid 22826] close(5 <unfinished ...>
[pid 22823] <... close resumed> )       = 0
[pid 22826] <... close resumed> )       = 0
[pid 22823] write(1, "pid my is = 22823\n", 18 <unfinished ...>
[pid 22826] rt_sigprocmask(SIG_BLOCK, [CHLD],  <unfinished ...>
[pid 22823] <... write resumed> )       = 18
[pid 22826] <... rt_sigprocmask resumed> [], 8) = 0
[pid 22823] socketpair(PF_LOCAL, SOCK_STREAM, 0 <unfinished ...>
[pid 22826] rt_sigaction(SIGCHLD, NULL,  <unfinished ...>
[pid 22823] <... socketpair resumed> , [6, 7]) = 0
[pid 22826] <... rt_sigaction resumed> {SIG_DFL, [], 0}, 8) = 0
[pid 22823] clone( <unfinished ...>
[pid 22826] rt_sigprocmask(SIG_SETMASK, [], Process 22827 attached
 <unfinished ...>
[pid 22823] <... clone resumed> child_stack=0, flags=CLONE_CHILD_CLEARTID|CLONE_CHILD_SETTID|SIGCHLD, child_tidptr=0x7f915049ca50) = 22827
[pid 22826] <... rt_sigprocmask resumed> NULL, 8) = 0
[pid 22823] close(7 <unfinished ...>
[pid 22827] close(6 <unfinished ...>
[pid 22823] <... close resumed> )       = 0
[pid 22827] <... close resumed> )       = 0
[pid 22826] nanosleep({1, 0},  <unfinished ...>
[pid 22823] socket(PF_INET, SOCK_STREAM, IPPROTO_TCP) = 7
[pid 22827] rt_sigprocmask(SIG_BLOCK, [CHLD],  <unfinished ...>
[pid 22823] bind(7, {sa_family=AF_INET, sin_port=htons(12347), sin_addr=inet_addr("0.0.0.0")}, 16 <unfinished ...>
[pid 22827] <... rt_sigprocmask resumed> [], 8) = 0
[pid 22823] <... bind resumed> )        = 0
[pid 22827] rt_sigaction(SIGCHLD, NULL,  <unfinished ...>
[pid 22823] fcntl(7, F_GETFL <unfinished ...>
[pid 22827] <... rt_sigaction resumed> {SIG_DFL, [], 0}, 8) = 0
[pid 22823] <... fcntl resumed> )       = 0x2 (flags O_RDWR)
[pid 22827] rt_sigprocmask(SIG_SETMASK, [],  <unfinished ...>
[pid 22823] fcntl(7, F_SETFL, O_RDWR|O_NONBLOCK) = 0
[pid 22827] <... rt_sigprocmask resumed> NULL, 8) = 0
[pid 22827] nanosleep({1, 0},  <unfinished ...>
[pid 22823] listen(7, 128)              = 0
[pid 22823] epoll_create1(0)            = 8
[pid 22823] epoll_ctl(8, EPOLL_CTL_ADD, 7, {EPOLLIN|EPOLLRDHUP, {u32=7, u64=18079806566432775}}) = 0
[pid 22823] epoll_wait(8,  <unfinished ...>
[pid 22824] <... nanosleep resumed> 0x7ffdb781e490) = 0
[pid 22824] recvmsg(4,  <unfinished ...>
[pid 22825] <... nanosleep resumed> 0x7ffdb781e490) = 0
[pid 22825] recvmsg(5,  <unfinished ...>
[pid 22826] <... nanosleep resumed> 0x7ffdb781e490) = 0
[pid 22826] recvmsg(6,  <unfinished ...>
[pid 22827] <... nanosleep resumed> 0x7ffdb781e490) = 0
[pid 22827] recvmsg(7,  <unfinished ...>
[pid 22823] <... epoll_wait resumed> {{EPOLLIN, {u32=7, u64=18079806566432775}}}, 32, -1) = 1
[pid 22823] accept(7, 0, NULL)          = 9
[pid 22823] fcntl(9, F_GETFL)           = 0x2 (flags O_RDWR)
[pid 22823] fcntl(9, F_SETFL, O_RDWR|O_NONBLOCK) = 0
[pid 22823] epoll_ctl(8, EPOLL_CTL_ADD, 9, {EPOLLIN|EPOLLRDHUP, {u32=9, u64=5786089540699553801}}) = 0
[pid 22823] epoll_wait(8, {{EPOLLIN, {u32=9, u64=5786089540699553801}}}, 32, -1) = 1
[pid 22823] write(1, "passing fd 9\n", 13) = 13
[pid 22823] sendmsg(3, {msg_name(0)=NULL, msg_iov(1)=[{"1", 1}], msg_controllen=24, {cmsg_len=20, cmsg_level=SOL_SOCKET, cmsg_type=SCM_RIGHTS, {9}}, msg_flags=MSG_TRUNC}, 0) = 1
[pid 22824] <... recvmsg resumed> {msg_name(0)=NULL, msg_iov(1)=[{"1", 16}], msg_controllen=24, {cmsg_len=20, cmsg_level=SOL_SOCKET, cmsg_type=SCM_RIGHTS, {3}}, msg_flags=0}, 0) = 1
[pid 22823] epoll_wait(8, {{EPOLLIN, {u32=9, u64=5786089540699553801}}}, 32, -1) = 1
[pid 22824] write(1, "received fd 3\n", 14 <unfinished ...>
[pid 22823] write(1, "passing fd 9\n", 13 <unfinished ...>
[pid 22824] <... write resumed> )       = 14
[pid 22823] <... write resumed> )       = 13
[pid 22823] sendmsg(4, {msg_name(0)=NULL, msg_iov(1)=[{"1", 1}], msg_controllen=24, {cmsg_len=20, cmsg_level=SOL_SOCKET, cmsg_type=SCM_RIGHTS, {9}}, msg_flags=MSG_TRUNC}, 0 <unfinished ...>
[pid 22824] recvfrom(3, "test\r\n", 1024, MSG_NOSIGNAL, NULL, NULL) = 6
[pid 22823] <... sendmsg resumed> )     = 1
[pid 22825] <... recvmsg resumed> {msg_name(0)=NULL, msg_iov(1)=[{"1", 16}], msg_controllen=24, {cmsg_len=20, cmsg_level=SOL_SOCKET, cmsg_type=SCM_RIGHTS, {4}}, msg_flags=0}, 0) = 1
[pid 22823] epoll_wait(8,  <unfinished ...>
[pid 22825] write(1, "received fd 4\n", 14) = 14
[pid 22824] sendto(3, "test\r\n22824\n", 12, MSG_NOSIGNAL, NULL, 0 <unfinished ...>
[pid 22825] recvfrom(4, 0x6063c0, 1024, 16384, 0, 0) = -1 EAGAIN (Resource temporarily unavailable)
[pid 22824] <... sendto resumed> )      = 12
[pid 22825] recvmsg(5,  <unfinished ...>
[pid 22824] recvmsg(4,  <unfinished ...>
[pid 22823] <... epoll_wait resumed> {{EPOLLIN|EPOLLRDHUP, {u32=9, u64=5786089540699553801}}}, 32, -1) = 1
[pid 22823] write(1, "passing fd 9\n", 13) = 13
[pid 22823] sendmsg(5, {msg_name(0)=NULL, msg_iov(1)=[{"1", 1}], msg_controllen=24, {cmsg_len=20, cmsg_level=SOL_SOCKET, cmsg_type=SCM_RIGHTS, {9}}, msg_flags=MSG_TRUNC}, 0) = 1
[pid 22823] epoll_wait(8,  <unfinished ...>
[pid 22826] <... recvmsg resumed> {msg_name(0)=NULL, msg_iov(1)=[{"1", 16}], msg_controllen=24, {cmsg_len=20, cmsg_level=SOL_SOCKET, cmsg_type=SCM_RIGHTS, {5}}, msg_flags=0}, 0) = 1
[pid 22823] <... epoll_wait resumed> {{EPOLLIN|EPOLLRDHUP, {u32=9, u64=5786089540699553801}}}, 32, -1) = 1
[pid 22823] write(1, "passing fd 9\n", 13 <unfinished ...>
[pid 22826] write(1, "received fd 5\n", 14 <unfinished ...>
[pid 22823] <... write resumed> )       = 13
[pid 22823] sendmsg(6, {msg_name(0)=NULL, msg_iov(1)=[{"1", 1}], msg_controllen=24, {cmsg_len=20, cmsg_level=SOL_SOCKET, cmsg_type=SCM_RIGHTS, {9}}, msg_flags=MSG_TRUNC}, 0 <unfinished ...>
[pid 22826] <... write resumed> )       = 14
[pid 22823] <... sendmsg resumed> )     = 1
[pid 22827] <... recvmsg resumed> {msg_name(0)=NULL, msg_iov(1)=[{"1", 16}], msg_controllen=24, {cmsg_len=20, cmsg_level=SOL_SOCKET, cmsg_type=SCM_RIGHTS, {6}}, msg_flags=0}, 0) = 1
[pid 22823] epoll_wait(8,  <unfinished ...>
[pid 22826] recvfrom(5,  <unfinished ...>
[pid 22823] <... epoll_wait resumed> {{EPOLLIN|EPOLLRDHUP, {u32=9, u64=5786089540699553801}}}, 32, -1) = 1
[pid 22827] write(1, "received fd 6\n", 14 <unfinished ...>
[pid 22823] write(1, "passing fd 9\n", 13 <unfinished ...>
[pid 22827] <... write resumed> )       = 14
[pid 22823] <... write resumed> )       = 13
[pid 22826] <... recvfrom resumed> "", 1024, MSG_NOSIGNAL, NULL, NULL) = 0
[pid 22827] recvfrom(6,  <unfinished ...>
[pid 22823] sendmsg(3, {msg_name(0)=NULL, msg_iov(1)=[{"1", 1}], msg_controllen=24, {cmsg_len=20, cmsg_level=SOL_SOCKET, cmsg_type=SCM_RIGHTS, {9}}, msg_flags=MSG_TRUNC}, 0 <unfinished ...>
[pid 22827] <... recvfrom resumed> "", 1024, MSG_NOSIGNAL, NULL, NULL) = 0
[pid 22826] shutdown(5, SHUT_RDWR <unfinished ...>
[pid 22827] shutdown(6, SHUT_RDWR <unfinished ...>
[pid 22823] <... sendmsg resumed> )     = 1
[pid 22826] <... shutdown resumed> )    = 0
[pid 22823] epoll_wait(8,  <unfinished ...>
[pid 22827] <... shutdown resumed> )    = -1 ENOTCONN (Transport endpoint is not connected)
[pid 22823] <... epoll_wait resumed> {{EPOLLIN|EPOLLHUP|EPOLLRDHUP, {u32=9, u64=5786089540699553801}}}, 32, -1) = 1
[pid 22827] close(6 <unfinished ...>
[pid 22823] epoll_ctl(8, EPOLL_CTL_DEL, 9, {EPOLLIN|EPOLLHUP|EPOLLRDHUP, {u32=9, u64=5786089540699553801}} <unfinished ...>
[pid 22827] <... close resumed> )       = 0
[pid 22823] <... epoll_ctl resumed> )   = 0
[pid 22827] recvmsg(7,  <unfinished ...>
[pid 22823] shutdown(9, SHUT_RDWR <unfinished ...>
[pid 22826] close(5 <unfinished ...>
[pid 22823] <... shutdown resumed> )    = -1 ENOTCONN (Transport endpoint is not connected)
[pid 22826] <... close resumed> )       = 0
[pid 22823] close(9 <unfinished ...>
[pid 22826] recvmsg(6,  <unfinished ...>
[pid 22823] <... close resumed> )       = 0
[pid 22824] <... recvmsg resumed> {msg_name(0)=NULL, msg_iov(1)=[{"1", 16}], msg_controllen=24, {cmsg_len=20, cmsg_level=SOL_SOCKET, cmsg_type=SCM_RIGHTS, {5}}, msg_flags=0}, 0) = 1
[pid 22823] epoll_wait(8,  <unfinished ...>
[pid 22824] write(1, "received fd 5\n", 14) = 14
[pid 22824] recvfrom(5, "", 1024, MSG_NOSIGNAL, NULL, NULL) = 0
[pid 22824] shutdown(5, SHUT_RDWR)      = -1 ENOTCONN (Transport endpoint is not connected)
[pid 22824] close(5)                    = 0
[pid 22824] recvmsg(4,  <unfinished ...>
[pid 22823] <... epoll_wait resumed> {{EPOLLIN, {u32=7, u64=18079806566432775}}}, 32, -1) = 1
[pid 22823] accept(7, 0, NULL)          = 9
[pid 22823] fcntl(9, F_GETFL)           = 0x2 (flags O_RDWR)
[pid 22823] fcntl(9, F_SETFL, O_RDWR|O_NONBLOCK) = 0
[pid 22823] epoll_ctl(8, EPOLL_CTL_ADD, 9, {EPOLLIN|EPOLLRDHUP, {u32=9, u64=5786089540699553801}}) = 0
[pid 22823] epoll_wait(8, {{EPOLLIN, {u32=9, u64=5786089540699553801}}}, 32, -1) = 1
[pid 22823] write(1, "passing fd 9\n", 13) = 13
[pid 22823] sendmsg(4, {msg_name(0)=NULL, msg_iov(1)=[{"1", 1}], msg_controllen=24, {cmsg_len=20, cmsg_level=SOL_SOCKET, cmsg_type=SCM_RIGHTS, {9}}, msg_flags=0}, 0) = 1
[pid 22825] <... recvmsg resumed> {msg_name(0)=NULL, msg_iov(1)=[{"1", 16}], msg_controllen=24, {cmsg_len=20, cmsg_level=SOL_SOCKET, cmsg_type=SCM_RIGHTS, {6}}, msg_flags=0}, 0) = 1
[pid 22823] epoll_wait(8,  <unfinished ...>
[pid 22825] write(1, "received fd 6\n", 14 <unfinished ...>
[pid 22823] <... epoll_wait resumed> {{EPOLLIN, {u32=9, u64=5786089540699553801}}}, 32, -1) = 1
[pid 22823] write(1, "passing fd 9\n", 13) = 13
[pid 22825] <... write resumed> )       = 14
[pid 22823] sendmsg(5, {msg_name(0)=NULL, msg_iov(1)=[{"1", 1}], msg_controllen=24, {cmsg_len=20, cmsg_level=SOL_SOCKET, cmsg_type=SCM_RIGHTS, {9}}, msg_flags=0}, 0 <unfinished ...>
[pid 22825] recvfrom(6,  <unfinished ...>
[pid 22823] <... sendmsg resumed> )     = 1
[pid 22826] <... recvmsg resumed> {msg_name(0)=NULL, msg_iov(1)=[{"1", 16}], msg_controllen=24, {cmsg_len=20, cmsg_level=SOL_SOCKET, cmsg_type=SCM_RIGHTS, {5}}, msg_flags=0}, 0) = 1
[pid 22823] epoll_wait(8,  <unfinished ...>
[pid 22826] write(1, "received fd 5\n", 14 <unfinished ...>
[pid 22825] <... recvfrom resumed> "tert\r\n", 1024, MSG_NOSIGNAL, NULL, NULL) = 6
[pid 22826] <... write resumed> )       = 14
[pid 22826] recvfrom(5, 0x6063c0, 1024, 16384, 0, 0) = -1 EAGAIN (Resource temporarily unavailable)
[pid 22826] recvmsg(6,  <unfinished ...>
[pid 22825] sendto(6, "tert\r\n22825\n", 12, MSG_NOSIGNAL, NULL, 0) = 12
[pid 22825] recvmsg(5,  <unfinished ...>
[pid 22823] <... epoll_wait resumed> {{EPOLLIN, {u32=9, u64=5786089540699553801}}}, 32, -1) = 1
[pid 22823] write(1, "passing fd 9\n", 13) = 13
[pid 22823] sendmsg(6, {msg_name(0)=NULL, msg_iov(1)=[{"1", 1}], msg_controllen=24, {cmsg_len=20, cmsg_level=SOL_SOCKET, cmsg_type=SCM_RIGHTS, {9}}, msg_flags=0}, 0) = 1
[pid 22827] <... recvmsg resumed> {msg_name(0)=NULL, msg_iov(1)=[{"1", 16}], msg_controllen=24, {cmsg_len=20, cmsg_level=SOL_SOCKET, cmsg_type=SCM_RIGHTS, {6}}, msg_flags=0}, 0) = 1
[pid 22823] epoll_wait(8, {{EPOLLIN, {u32=9, u64=5786089540699553801}}}, 32, -1) = 1
[pid 22827] write(1, "received fd 6\n", 14 <unfinished ...>
[pid 22823] write(1, "passing fd 9\n", 13 <unfinished ...>
[pid 22827] <... write resumed> )       = 14
[pid 22823] <... write resumed> )       = 13
[pid 22827] recvfrom(6,  <unfinished ...>
[pid 22823] sendmsg(3, {msg_name(0)=NULL, msg_iov(1)=[{"1", 1}], msg_controllen=24, {cmsg_len=20, cmsg_level=SOL_SOCKET, cmsg_type=SCM_RIGHTS, {9}}, msg_flags=0}, 0 <unfinished ...>
[pid 22827] <... recvfrom resumed> "\377\364\377\375\6", 1024, MSG_NOSIGNAL, NULL, NULL) = 5
[pid 22823] <... sendmsg resumed> )     = 1
[pid 22824] <... recvmsg resumed> {msg_name(0)=NULL, msg_iov(1)=[{"1", 16}], msg_controllen=24, {cmsg_len=20, cmsg_level=SOL_SOCKET, cmsg_type=SCM_RIGHTS, {5}}, msg_flags=0}, 0) = 1
[pid 22823] epoll_wait(8,  <unfinished ...>
[pid 22824] write(1, "received fd 5\n", 14) = 14
[pid 22824] recvfrom(5, 0x6063c0, 1024, 16384, 0, 0) = -1 EAGAIN (Resource temporarily unavailable)
[pid 22827] sendto(6, "\377\364\377\375\00622827\n", 11, MSG_NOSIGNAL, NULL, 0 <unfinished ...>
[pid 22824] recvmsg(4,  <unfinished ...>
[pid 22827] <... sendto resumed> )      = 11
[pid 22823] <... epoll_wait resumed> {{EPOLLIN, {u32=9, u64=5786089540699553801}}}, 32, -1) = 1
[pid 22827] recvmsg(7,  <unfinished ...>
[pid 22823] write(1, "passing fd 9\n", 13) = 13
[pid 22823] sendmsg(4, {msg_name(0)=NULL, msg_iov(1)=[{"1", 1}], msg_controllen=24, {cmsg_len=20, cmsg_level=SOL_SOCKET, cmsg_type=SCM_RIGHTS, {9}}, msg_flags=0}, 0) = 1
[pid 22825] <... recvmsg resumed> {msg_name(0)=NULL, msg_iov(1)=[{"1", 16}], msg_controllen=24, {cmsg_len=20, cmsg_level=SOL_SOCKET, cmsg_type=SCM_RIGHTS, {7}}, msg_flags=0}, 0) = 1
[pid 22823] epoll_wait(8,  <unfinished ...>
[pid 22825] write(1, "received fd 7\n", 14 <unfinished ...>
[pid 22823] <... epoll_wait resumed> {{EPOLLIN, {u32=9, u64=5786089540699553801}}}, 32, -1) = 1
[pid 22825] <... write resumed> )       = 14
[pid 22823] write(1, "passing fd 9\n", 13 <unfinished ...>
[pid 22825] recvfrom(7,  <unfinished ...>
[pid 22823] <... write resumed> )       = 13
[pid 22825] <... recvfrom resumed> "\377\373\6", 1024, MSG_NOSIGNAL, NULL, NULL) = 3
[pid 22823] sendmsg(5, {msg_name(0)=NULL, msg_iov(1)=[{"1", 1}], msg_controllen=24, {cmsg_len=20, cmsg_level=SOL_SOCKET, cmsg_type=SCM_RIGHTS, {9}}, msg_flags=0}, 0 <unfinished ...>
[pid 22825] sendto(7, "\377\373\00622825\n", 9, MSG_NOSIGNAL, NULL, 0 <unfinished ...>
[pid 22823] <... sendmsg resumed> )     = 1
[pid 22826] <... recvmsg resumed> {msg_name(0)=NULL, msg_iov(1)=[{"1", 16}], msg_controllen=24, {cmsg_len=20, cmsg_level=SOL_SOCKET, cmsg_type=SCM_RIGHTS, {7}}, msg_flags=0}, 0) = 1
[pid 22823] epoll_wait(8,  <unfinished ...>
[pid 22825] <... sendto resumed> )      = 9
[pid 22826] write(1, "received fd 7\n", 14 <unfinished ...>
[pid 22825] recvmsg(5,  <unfinished ...>
[pid 22826] <... write resumed> )       = 14
[pid 22826] recvfrom(7, 0x6063c0, 1024, 16384, 0, 0) = -1 EAGAIN (Resource temporarily unavailable)
[pid 22826] recvmsg(6,  <unfinished ...>
[pid 22823] <... epoll_wait resumed> {{EPOLLIN|EPOLLRDHUP, {u32=9, u64=5786089540699553801}}}, 32, -1) = 1
[pid 22823] write(1, "passing fd 9\n", 13) = 13
[pid 22823] sendmsg(6, {msg_name(0)=NULL, msg_iov(1)=[{"1", 1}], msg_controllen=24, {cmsg_len=20, cmsg_level=SOL_SOCKET, cmsg_type=SCM_RIGHTS, {9}}, msg_flags=0}, 0) = 1
[pid 22827] <... recvmsg resumed> {msg_name(0)=NULL, msg_iov(1)=[{"1", 16}], msg_controllen=24, {cmsg_len=20, cmsg_level=SOL_SOCKET, cmsg_type=SCM_RIGHTS, {8}}, msg_flags=0}, 0) = 1
[pid 22823] epoll_wait(8,  <unfinished ...>
[pid 22827] write(1, "received fd 8\n", 14 <unfinished ...>
[pid 22823] <... epoll_wait resumed> {{EPOLLIN|EPOLLRDHUP, {u32=9, u64=5786089540699553801}}}, 32, -1) = 1
[pid 22827] <... write resumed> )       = 14
[pid 22823] write(1, "passing fd 9\n", 13 <unfinished ...>
[pid 22827] recvfrom(8,  <unfinished ...>
[pid 22823] <... write resumed> )       = 13
[pid 22827] <... recvfrom resumed> "", 1024, MSG_NOSIGNAL, NULL, NULL) = 0
[pid 22823] sendmsg(3, {msg_name(0)=NULL, msg_iov(1)=[{"1", 1}], msg_controllen=24, {cmsg_len=20, cmsg_level=SOL_SOCKET, cmsg_type=SCM_RIGHTS, {9}}, msg_flags=0}, 0 <unfinished ...>
[pid 22827] shutdown(8, SHUT_RDWR <unfinished ...>
[pid 22823] <... sendmsg resumed> )     = 1
[pid 22827] <... shutdown resumed> )    = 0
[pid 22824] <... recvmsg resumed> {msg_name(0)=NULL, msg_iov(1)=[{"1", 16}], msg_controllen=24, {cmsg_len=20, cmsg_level=SOL_SOCKET, cmsg_type=SCM_RIGHTS, {6}}, msg_flags=0}, 0) = 1
[pid 22823] epoll_wait(8,  <unfinished ...>
[pid 22827] close(8 <unfinished ...>
[pid 22823] <... epoll_wait resumed> {{EPOLLIN|EPOLLHUP|EPOLLRDHUP, {u32=9, u64=5786089540699553801}}}, 32, -1) = 1
[pid 22827] <... close resumed> )       = 0
[pid 22823] epoll_ctl(8, EPOLL_CTL_DEL, 9, {EPOLLIN|EPOLLHUP|EPOLLRDHUP, {u32=9, u64=5786089540699553801}} <unfinished ...>
[pid 22827] recvmsg(7,  <unfinished ...>
[pid 22823] <... epoll_ctl resumed> )   = 0
[pid 22824] write(1, "received fd 6\n", 14 <unfinished ...>
[pid 22823] shutdown(9, SHUT_RDWR <unfinished ...>
[pid 22824] <... write resumed> )       = 14
[pid 22823] <... shutdown resumed> )    = -1 ENOTCONN (Transport endpoint is not connected)
[pid 22824] recvfrom(6,  <unfinished ...>
[pid 22823] close(9 <unfinished ...>
[pid 22824] <... recvfrom resumed> "", 1024, MSG_NOSIGNAL, NULL, NULL) = 0
[pid 22823] <... close resumed> )       = 0
[pid 22824] recvmsg(4,  <unfinished ...>
[pid 22823] epoll_wait(8, {{EPOLLIN, {u32=7, u64=18079806566432775}}}, 32, -1) = 1
[pid 22823] accept(7, 0, NULL)          = 9
[pid 22823] fcntl(9, F_GETFL)           = 0x2 (flags O_RDWR)
[pid 22823] fcntl(9, F_SETFL, O_RDWR|O_NONBLOCK) = 0
[pid 22823] epoll_ctl(8, EPOLL_CTL_ADD, 9, {EPOLLIN|EPOLLRDHUP, {u32=9, u64=27135878254034953}}) = 0
[pid 22823] epoll_wait(8, {{EPOLLIN, {u32=9, u64=27135878254034953}}}, 32, -1) = 1
[pid 22823] write(1, "passing fd 9\n", 13) = 13
[pid 22823] sendmsg(4, {msg_name(0)=NULL, msg_iov(1)=[{"1", 1}], msg_controllen=24, {cmsg_len=20, cmsg_level=SOL_SOCKET, cmsg_type=SCM_RIGHTS, {9}}, msg_flags=0}, 0) = 1
[pid 22825] <... recvmsg resumed> {msg_name(0)=NULL, msg_iov(1)=[{"1", 16}], msg_controllen=24, {cmsg_len=20, cmsg_level=SOL_SOCKET, cmsg_type=SCM_RIGHTS, {8}}, msg_flags=0}, 0) = 1
[pid 22823] epoll_wait(8, {{EPOLLIN, {u32=9, u64=27135878254034953}}}, 32, -1) = 1
[pid 22825] write(1, "received fd 8\n", 14 <unfinished ...>
[pid 22823] write(1, "passing fd 9\n", 13 <unfinished ...>
[pid 22825] <... write resumed> )       = 14
[pid 22823] <... write resumed> )       = 13
[pid 22825] recvfrom(8,  <unfinished ...>
[pid 22823] sendmsg(5, {msg_name(0)=NULL, msg_iov(1)=[{"1", 1}], msg_controllen=24, {cmsg_len=20, cmsg_level=SOL_SOCKET, cmsg_type=SCM_RIGHTS, {9}}, msg_flags=0}, 0 <unfinished ...>
[pid 22825] <... recvfrom resumed> "tgfdkjgds\r\n", 1024, MSG_NOSIGNAL, NULL, NULL) = 11
[pid 22823] <... sendmsg resumed> )     = 1
[pid 22826] <... recvmsg resumed> {msg_name(0)=NULL, msg_iov(1)=[{"1", 16}], msg_controllen=24, {cmsg_len=20, cmsg_level=SOL_SOCKET, cmsg_type=SCM_RIGHTS, {8}}, msg_flags=0}, 0) = 1
[pid 22823] epoll_wait(8,  <unfinished ...>
[pid 22826] write(1, "received fd 8\n", 14 <unfinished ...>
[pid 22825] sendto(8, "tgfdkjgds\r\n22825\n", 17, MSG_NOSIGNAL, NULL, 0 <unfinished ...>
[pid 22826] <... write resumed> )       = 14
[pid 22826] recvfrom(8, 0x6063c0, 1024, 16384, 0, 0) = -1 EAGAIN (Resource temporarily unavailable)
[pid 22825] <... sendto resumed> )      = 17
[pid 22826] recvmsg(6,  <unfinished ...>
[pid 22825] recvmsg(5,  <unfinished ...>
[pid 22823] <... epoll_wait resumed> {{EPOLLIN, {u32=7, u64=18079806566432775}}}, 32, -1) = 1
[pid 22823] accept(7, 0, NULL)          = 10
[pid 22823] fcntl(10, F_GETFL)          = 0x2 (flags O_RDWR)
[pid 22823] fcntl(10, F_SETFL, O_RDWR|O_NONBLOCK) = 0
[pid 22823] epoll_ctl(8, EPOLL_CTL_ADD, 10, {EPOLLIN|EPOLLRDHUP, {u32=10, u64=27135878254034954}}) = 0
[pid 22823] epoll_wait(8, {{EPOLLIN, {u32=10, u64=27135878254034954}}}, 32, -1) = 1
[pid 22823] write(1, "passing fd 10\n", 14) = 14
[pid 22823] sendmsg(6, {msg_name(0)=NULL, msg_iov(1)=[{"1", 1}], msg_controllen=24, {cmsg_len=20, cmsg_level=SOL_SOCKET, cmsg_type=SCM_RIGHTS, {10}}, msg_flags=0}, 0) = 1
[pid 22827] <... recvmsg resumed> {msg_name(0)=NULL, msg_iov(1)=[{"1", 16}], msg_controllen=24, {cmsg_len=20, cmsg_level=SOL_SOCKET, cmsg_type=SCM_RIGHTS, {8}}, msg_flags=0}, 0) = 1
[pid 22823] epoll_wait(8, {{EPOLLIN, {u32=10, u64=27135878254034954}}}, 32, -1) = 1
[pid 22827] write(1, "received fd 8\n", 14 <unfinished ...>
[pid 22823] write(1, "passing fd 10\n", 14) = 14
[pid 22827] <... write resumed> )       = 14
[pid 22823] sendmsg(3, {msg_name(0)=NULL, msg_iov(1)=[{"1", 1}], msg_controllen=24, {cmsg_len=20, cmsg_level=SOL_SOCKET, cmsg_type=SCM_RIGHTS, {10}}, msg_flags=0}, 0 <unfinished ...>
[pid 22827] recvfrom(8,  <unfinished ...>
[pid 22823] <... sendmsg resumed> )     = 1
[pid 22827] <... recvfrom resumed> "gljgsfdl\r\n", 1024, MSG_NOSIGNAL, NULL, NULL) = 10
[pid 22823] epoll_wait(8,  <unfinished ...>
[pid 22824] <... recvmsg resumed> {msg_name(0)=NULL, msg_iov(1)=[{"1", 16}], msg_controllen=24, {cmsg_len=20, cmsg_level=SOL_SOCKET, cmsg_type=SCM_RIGHTS, {7}}, msg_flags=0}, 0) = 1
[pid 22827] sendto(8, "gljgsfdl\r\n22827\n", 16, MSG_NOSIGNAL, NULL, 0 <unfinished ...>
[pid 22824] write(1, "received fd 7\n", 14 <unfinished ...>
[pid 22827] <... sendto resumed> )      = 16
[pid 22827] recvmsg(7,  <unfinished ...>
[pid 22824] <... write resumed> )       = 14
[pid 22824] recvfrom(7, 0x6063c0, 1024, 16384, 0, 0) = -1 EAGAIN (Resource temporarily unavailable)
[pid 22824] recvmsg(4,  <unfinished ...>
[pid 22823] <... epoll_wait resumed> {{EPOLLIN, {u32=9, u64=27135878254034953}}}, 32, -1) = 1
[pid 22823] write(1, "passing fd 9\n", 13) = 13
[pid 22823] sendmsg(4, {msg_name(0)=NULL, msg_iov(1)=[{"1", 1}], msg_controllen=24, {cmsg_len=20, cmsg_level=SOL_SOCKET, cmsg_type=SCM_RIGHTS, {9}}, msg_flags=0}, 0) = 1
[pid 22825] <... recvmsg resumed> {msg_name(0)=NULL, msg_iov(1)=[{"1", 16}], msg_controllen=24, {cmsg_len=20, cmsg_level=SOL_SOCKET, cmsg_type=SCM_RIGHTS, {9}}, msg_flags=0}, 0) = 1
[pid 22823] epoll_wait(8, {{EPOLLIN, {u32=9, u64=27135878254034953}}}, 32, -1) = 1
[pid 22825] write(1, "received fd 9\n", 14 <unfinished ...>
[pid 22823] write(1, "passing fd 9\n", 13 <unfinished ...>
[pid 22825] <... write resumed> )       = 14
[pid 22823] <... write resumed> )       = 13
[pid 22825] recvfrom(9,  <unfinished ...>
[pid 22823] sendmsg(5, {msg_name(0)=NULL, msg_iov(1)=[{"1", 1}], msg_controllen=24, {cmsg_len=20, cmsg_level=SOL_SOCKET, cmsg_type=SCM_RIGHTS, {9}}, msg_flags=0}, 0 <unfinished ...>
[pid 22825] <... recvfrom resumed> "fsd\r\n", 1024, MSG_NOSIGNAL, NULL, NULL) = 5
[pid 22823] <... sendmsg resumed> )     = 1
[pid 22826] <... recvmsg resumed> {msg_name(0)=NULL, msg_iov(1)=[{"1", 16}], msg_controllen=24, {cmsg_len=20, cmsg_level=SOL_SOCKET, cmsg_type=SCM_RIGHTS, {9}}, msg_flags=0}, 0) = 1
[pid 22823] epoll_wait(8,  <unfinished ...>
[pid 22826] write(1, "received fd 9\n", 14 <unfinished ...>
[pid 22825] sendto(9, "fsd\r\n22825\n", 11, MSG_NOSIGNAL, NULL, 0 <unfinished ...>
[pid 22826] <... write resumed> )       = 14
[pid 22826] recvfrom(9,  <unfinished ...>
[pid 22825] <... sendto resumed> )      = 11
[pid 22826] <... recvfrom resumed> 0x6063c0, 1024, 16384, 0, 0) = -1 EAGAIN (Resource temporarily unavailable)
[pid 22825] recvmsg(5,  <unfinished ...>
[pid 22826] recvmsg(6,  <unfinished ...>
[pid 22823] <... epoll_wait resumed> {{EPOLLIN|EPOLLRDHUP, {u32=10, u64=27135878254034954}}}, 32, -1) = 1
[pid 22823] write(1, "passing fd 10\n", 14) = 14
[pid 22823] sendmsg(6, {msg_name(0)=NULL, msg_iov(1)=[{"1", 1}], msg_controllen=24, {cmsg_len=20, cmsg_level=SOL_SOCKET, cmsg_type=SCM_RIGHTS, {10}}, msg_flags=0}, 0) = 1
[pid 22827] <... recvmsg resumed> {msg_name(0)=NULL, msg_iov(1)=[{"1", 16}], msg_controllen=24, {cmsg_len=20, cmsg_level=SOL_SOCKET, cmsg_type=SCM_RIGHTS, {9}}, msg_flags=0}, 0) = 1
[pid 22823] epoll_wait(8,  <unfinished ...>
[pid 22827] write(1, "received fd 9\n", 14 <unfinished ...>
[pid 22823] <... epoll_wait resumed> {{EPOLLIN|EPOLLRDHUP, {u32=10, u64=27135878254034954}}}, 32, -1) = 1
[pid 22827] <... write resumed> )       = 14
[pid 22823] write(1, "passing fd 10\n", 14) = 14
[pid 22827] recvfrom(9,  <unfinished ...>
[pid 22823] sendmsg(3, {msg_name(0)=NULL, msg_iov(1)=[{"1", 1}], msg_controllen=24, {cmsg_len=20, cmsg_level=SOL_SOCKET, cmsg_type=SCM_RIGHTS, {10}}, msg_flags=0}, 0 <unfinished ...>
[pid 22827] <... recvfrom resumed> "", 1024, MSG_NOSIGNAL, NULL, NULL) = 0
[pid 22823] <... sendmsg resumed> )     = 1
[pid 22827] shutdown(9, SHUT_RDWR <unfinished ...>
[pid 22823] epoll_wait(8,  <unfinished ...>
[pid 22824] <... recvmsg resumed> {msg_name(0)=NULL, msg_iov(1)=[{"1", 16}], msg_controllen=24, {cmsg_len=20, cmsg_level=SOL_SOCKET, cmsg_type=SCM_RIGHTS, {8}}, msg_flags=0}, 0) = 1
[pid 22823] <... epoll_wait resumed> {{EPOLLIN|EPOLLHUP|EPOLLRDHUP, {u32=10, u64=27135878254034954}}}, 32, -1) = 1
[pid 22827] <... shutdown resumed> )    = 0
[pid 22823] epoll_ctl(8, EPOLL_CTL_DEL, 10, {EPOLLIN|EPOLLHUP|EPOLLRDHUP, {u32=10, u64=27135878254034954}} <unfinished ...>
[pid 22827] close(9 <unfinished ...>
[pid 22823] <... epoll_ctl resumed> )   = 0
[pid 22824] write(1, "received fd 8\n", 14 <unfinished ...>
[pid 22823] shutdown(10, SHUT_RDWR <unfinished ...>
[pid 22824] <... write resumed> )       = 14
[pid 22823] <... shutdown resumed> )    = -1 ENOTCONN (Transport endpoint is not connected)
[pid 22827] <... close resumed> )       = 0
[pid 22823] close(10 <unfinished ...>
[pid 22827] recvmsg(7,  <unfinished ...>
[pid 22823] <... close resumed> )       = 0
[pid 22824] recvfrom(8,  <unfinished ...>
[pid 22823] epoll_wait(8,  <unfinished ...>
[pid 22824] <... recvfrom resumed> "", 1024, MSG_NOSIGNAL, NULL, NULL) = 0
[pid 22824] recvmsg(4,  <unfinished ...>
[pid 22823] <... epoll_wait resumed> {{EPOLLIN|EPOLLRDHUP, {u32=9, u64=27135878254034953}}}, 32, -1) = 1
[pid 22823] write(1, "passing fd 9\n", 13) = 13
[pid 22823] sendmsg(4, {msg_name(0)=NULL, msg_iov(1)=[{"1", 1}], msg_controllen=24, {cmsg_len=20, cmsg_level=SOL_SOCKET, cmsg_type=SCM_RIGHTS, {9}}, msg_flags=0}, 0) = 1
[pid 22825] <... recvmsg resumed> {msg_name(0)=NULL, msg_iov(1)=[{"1", 16}], msg_controllen=24, {cmsg_len=20, cmsg_level=SOL_SOCKET, cmsg_type=SCM_RIGHTS, {10}}, msg_flags=0}, 0) = 1
[pid 22823] epoll_wait(8, {{EPOLLIN|EPOLLRDHUP, {u32=9, u64=27135878254034953}}}, 32, -1) = 1
[pid 22825] write(1, "received fd 10\n", 15 <unfinished ...>
[pid 22823] write(1, "passing fd 9\n", 13 <unfinished ...>
[pid 22825] <... write resumed> )       = 15
[pid 22823] <... write resumed> )       = 13
[pid 22825] recvfrom(10,  <unfinished ...>
[pid 22823] sendmsg(5, {msg_name(0)=NULL, msg_iov(1)=[{"1", 1}], msg_controllen=24, {cmsg_len=20, cmsg_level=SOL_SOCKET, cmsg_type=SCM_RIGHTS, {9}}, msg_flags=0}, 0 <unfinished ...>
[pid 22825] <... recvfrom resumed> "", 1024, MSG_NOSIGNAL, NULL, NULL) = 0
[pid 22823] <... sendmsg resumed> )     = 1
[pid 22826] <... recvmsg resumed> {msg_name(0)=NULL, msg_iov(1)=[{"1", 16}], msg_controllen=24, {cmsg_len=20, cmsg_level=SOL_SOCKET, cmsg_type=SCM_RIGHTS, {10}}, msg_flags=0}, 0) = 1
[pid 22823] epoll_wait(8,  <unfinished ...>
[pid 22826] write(1, "received fd 10\n", 15 <unfinished ...>
[pid 22823] <... epoll_wait resumed> {{EPOLLIN|EPOLLRDHUP, {u32=9, u64=27135878254034953}}}, 32, -1) = 1
[pid 22826] <... write resumed> )       = 15
[pid 22825] recvmsg(5,  <unfinished ...>
[pid 22826] recvfrom(10,  <unfinished ...>
[pid 22823] write(1, "passing fd 9\n", 13 <unfinished ...>
[pid 22826] <... recvfrom resumed> "", 1024, MSG_NOSIGNAL, NULL, NULL) = 0
[pid 22826] recvmsg(6,  <unfinished ...>
[pid 22823] <... write resumed> )       = 13
[pid 22823] sendmsg(6, {msg_name(0)=NULL, msg_iov(1)=[{"1", 1}], msg_controllen=24, {cmsg_len=20, cmsg_level=SOL_SOCKET, cmsg_type=SCM_RIGHTS, {9}}, msg_flags=0}, 0) = 1
[pid 22827] <... recvmsg resumed> {msg_name(0)=NULL, msg_iov(1)=[{"1", 16}], msg_controllen=24, {cmsg_len=20, cmsg_level=SOL_SOCKET, cmsg_type=SCM_RIGHTS, {9}}, msg_flags=0}, 0) = 1
[pid 22823] epoll_wait(8, {{EPOLLIN|EPOLLRDHUP, {u32=9, u64=27135878254034953}}}, 32, -1) = 1
[pid 22827] write(1, "received fd 9\n", 14 <unfinished ...>
[pid 22823] write(1, "passing fd 9\n", 13 <unfinished ...>
[pid 22827] <... write resumed> )       = 14
[pid 22823] <... write resumed> )       = 13
[pid 22827] recvfrom(9,  <unfinished ...>
[pid 22823] sendmsg(3, {msg_name(0)=NULL, msg_iov(1)=[{"1", 1}], msg_controllen=24, {cmsg_len=20, cmsg_level=SOL_SOCKET, cmsg_type=SCM_RIGHTS, {9}}, msg_flags=0}, 0 <unfinished ...>
[pid 22827] <... recvfrom resumed> "", 1024, MSG_NOSIGNAL, NULL, NULL) = 0
[pid 22823] <... sendmsg resumed> )     = 1
[pid 22827] shutdown(9, SHUT_RDWR <unfinished ...>
[pid 22823] epoll_wait(8,  <unfinished ...>
[pid 22824] <... recvmsg resumed> {msg_name(0)=NULL, msg_iov(1)=[{"1", 16}], msg_controllen=24, {cmsg_len=20, cmsg_level=SOL_SOCKET, cmsg_type=SCM_RIGHTS, {9}}, msg_flags=0}, 0) = 1
[pid 22823] <... epoll_wait resumed> {{EPOLLIN|EPOLLHUP|EPOLLRDHUP, {u32=9, u64=27135878254034953}}}, 32, -1) = 1
[pid 22827] <... shutdown resumed> )    = 0
[pid 22823] epoll_ctl(8, EPOLL_CTL_DEL, 9, {EPOLLIN|EPOLLHUP|EPOLLRDHUP, {u32=9, u64=27135878254034953}} <unfinished ...>
[pid 22827] close(9 <unfinished ...>
[pid 22823] <... epoll_ctl resumed> )   = 0
[pid 22827] <... close resumed> )       = 0
[pid 22823] shutdown(9, SHUT_RDWR <unfinished ...>
[pid 22827] recvmsg(7,  <unfinished ...>
[pid 22823] <... shutdown resumed> )    = -1 ENOTCONN (Transport endpoint is not connected)
[pid 22824] write(1, "received fd 9\n", 14 <unfinished ...>
[pid 22823] close(9 <unfinished ...>
[pid 22824] <... write resumed> )       = 14
[pid 22824] recvfrom(9,  <unfinished ...>
[pid 22823] <... close resumed> )       = 0
[pid 22824] <... recvfrom resumed> "", 1024, MSG_NOSIGNAL, NULL, NULL) = 0
[pid 22823] epoll_wait(8,  <unfinished ...>
[pid 22824] recvmsg(4, Process 22823 detached
Process 22824 detached
 <detached ...>
Process 22825 detached
Process 22826 detached
Process 22827 detached
